xFormers not available
xFormers not available
/home/work/juhwan/monocular_depth/stream/video-stream/experiments/h1_attention_analysis.py:520: FutureWarning: You are using `torch.load` with `weights_only=False` (the current default value), which uses the default pickle module implicitly. It is possible to construct malicious pickle data which will execute arbitrary code during unpickling (See https://github.com/pytorch/pytorch/blob/main/SECURITY.md#untrusted-models for more details). In a future release, the default value for `weights_only` will be flipped to `True`. This limits the functions that could be executed during unpickling. Arbitrary objects will no longer be allowed to be loaded via this mode unless they are explicitly allowlisted by the user via `torch.serialization.add_safe_globals`. We recommend you start setting `weights_only=True` for any use case where you don't have full control of the loaded file. Please open an issue on GitHub for any issues related to this experimental feature.
  sd = torch.load(checkpoint_path, map_location="cpu")

Loading scene 0:   0%|          | 0/500 [00:00<?, ?it/s]
Loading scene 0:   1%|          | 6/500 [00:00<00:09, 51.74it/s]
Loading scene 0:   2%|▏         | 12/500 [00:00<00:09, 53.51it/s]
Loading scene 0:   4%|▎         | 18/500 [00:00<00:08, 53.63it/s]
Loading scene 0:   5%|▍         | 24/500 [00:00<00:08, 54.13it/s]
Loading scene 0:   6%|▌         | 30/500 [00:00<00:08, 54.38it/s]
Loading scene 0:   7%|▋         | 36/500 [00:00<00:08, 53.49it/s]
Loading scene 0:   8%|▊         | 42/500 [00:00<00:08, 53.90it/s]
Loading scene 0:  10%|▉         | 48/500 [00:00<00:08, 54.67it/s]
Loading scene 0:  11%|█         | 54/500 [00:00<00:08, 54.98it/s]
Loading scene 0:  12%|█▏        | 60/500 [00:01<00:07, 55.29it/s]
Loading scene 0:  13%|█▎        | 66/500 [00:01<00:07, 55.78it/s]
Loading scene 0:  14%|█▍        | 72/500 [00:01<00:07, 56.50it/s]
Loading scene 0:  16%|█▌        | 78/500 [00:01<00:07, 57.17it/s]
Loading scene 0:  17%|█▋        | 84/500 [00:01<00:07, 57.54it/s]
Loading scene 0:  18%|█▊        | 90/500 [00:01<00:07, 57.68it/s]
Loading scene 0:  19%|█▉        | 96/500 [00:01<00:06, 58.02it/s]
Loading scene 0:  20%|██        | 102/500 [00:01<00:06, 58.14it/s]
Loading scene 0:  22%|██▏       | 108/500 [00:01<00:06, 58.58it/s]
Loading scene 0:  23%|██▎       | 114/500 [00:02<00:06, 57.70it/s]
Loading scene 0:  24%|██▍       | 120/500 [00:02<00:06, 58.12it/s]
Loading scene 0:  25%|██▌       | 126/500 [00:02<00:06, 57.18it/s]
Loading scene 0:  26%|██▋       | 132/500 [00:02<00:06, 57.69it/s]
Loading scene 0:  28%|██▊       | 138/500 [00:02<00:06, 57.85it/s]
Loading scene 0:  29%|██▉       | 144/500 [00:02<00:06, 57.85it/s]
Loading scene 0:  30%|███       | 150/500 [00:02<00:06, 57.32it/s]
Loading scene 0:  31%|███       | 156/500 [00:02<00:06, 55.65it/s]
Loading scene 0:  32%|███▏      | 162/500 [00:02<00:06, 55.55it/s]
Loading scene 0:  34%|███▎      | 168/500 [00:02<00:05, 56.13it/s]
Loading scene 0:  35%|███▍      | 174/500 [00:03<00:05, 56.43it/s]
Loading scene 0:  36%|███▌      | 180/500 [00:03<00:05, 56.68it/s]
Loading scene 0:  37%|███▋      | 186/500 [00:03<00:05, 56.28it/s]
Loading scene 0:  38%|███▊      | 192/500 [00:03<00:05, 56.62it/s]
Loading scene 0:  40%|███▉      | 198/500 [00:03<00:05, 56.81it/s]
Loading scene 0:  41%|████      | 204/500 [00:03<00:05, 56.69it/s]
Loading scene 0:  42%|████▏     | 210/500 [00:03<00:05, 57.07it/s]
Loading scene 0:  43%|████▎     | 216/500 [00:03<00:04, 57.57it/s]
Loading scene 0:  44%|████▍     | 222/500 [00:03<00:04, 58.04it/s]
Loading scene 0:  46%|████▌     | 228/500 [00:04<00:04, 58.56it/s]
Loading scene 0:  47%|████▋     | 235/500 [00:04<00:04, 59.20it/s]
Loading scene 0:  48%|████▊     | 241/500 [00:04<00:04, 59.10it/s]
Loading scene 0:  49%|████▉     | 247/500 [00:04<00:04, 59.18it/s]
Loading scene 0:  51%|█████     | 254/500 [00:04<00:04, 59.60it/s]
Loading scene 0:  52%|█████▏    | 260/500 [00:04<00:04, 59.71it/s]
Loading scene 0:  53%|█████▎    | 266/500 [00:04<00:03, 59.79it/s]
Loading scene 0:  55%|█████▍    | 273/500 [00:04<00:03, 59.91it/s]
Loading scene 0:  56%|█████▌    | 279/500 [00:04<00:04, 55.00it/s]
Loading scene 0:  57%|█████▋    | 286/500 [00:05<00:03, 56.63it/s]
Loading scene 0:  58%|█████▊    | 292/500 [00:05<00:03, 57.46it/s]
Loading scene 0:  60%|█████▉    | 298/500 [00:05<00:03, 58.09it/s]
Loading scene 0:  61%|██████    | 304/500 [00:05<00:03, 54.88it/s]
Loading scene 0:  62%|██████▏   | 310/500 [00:05<00:03, 55.69it/s]
Loading scene 0:  63%|██████▎   | 316/500 [00:05<00:03, 56.34it/s]
Loading scene 0:  64%|██████▍   | 322/500 [00:05<00:03, 56.53it/s]
Loading scene 0:  66%|██████▌   | 328/500 [00:05<00:03, 57.07it/s]
Loading scene 0:  67%|██████▋   | 334/500 [00:05<00:02, 57.33it/s]
Loading scene 0:  68%|██████▊   | 340/500 [00:05<00:02, 57.45it/s]
Loading scene 0:  69%|██████▉   | 346/500 [00:06<00:02, 57.48it/s]
Loading scene 0:  70%|███████   | 352/500 [00:06<00:02, 57.82it/s]
Loading scene 0:  72%|███████▏  | 358/500 [00:06<00:02, 56.99it/s]
Loading scene 0:  73%|███████▎  | 364/500 [00:06<00:02, 57.25it/s]
Loading scene 0:  74%|███████▍  | 370/500 [00:06<00:02, 57.31it/s]
Loading scene 0:  75%|███████▌  | 376/500 [00:06<00:02, 57.24it/s]
Loading scene 0:  76%|███████▋  | 382/500 [00:06<00:02, 57.13it/s]
Loading scene 0:  78%|███████▊  | 388/500 [00:06<00:01, 56.80it/s]
Loading scene 0:  79%|███████▉  | 394/500 [00:06<00:01, 56.50it/s]
Loading scene 0:  80%|████████  | 400/500 [00:07<00:01, 56.17it/s]
Loading scene 0:  81%|████████  | 406/500 [00:07<00:01, 55.79it/s]
Loading scene 0:  82%|████████▏ | 412/500 [00:07<00:01, 55.55it/s]
Loading scene 0:  84%|████████▎ | 418/500 [00:07<00:01, 55.36it/s]
Loading scene 0:  85%|████████▍ | 424/500 [00:07<00:01, 55.37it/s]
Loading scene 0:  86%|████████▌ | 430/500 [00:07<00:01, 55.27it/s]
Loading scene 0:  87%|████████▋ | 436/500 [00:07<00:01, 55.08it/s]
Loading scene 0:  88%|████████▊ | 442/500 [00:07<00:01, 55.14it/s]
Loading scene 0:  90%|████████▉ | 448/500 [00:07<00:00, 55.26it/s]
Loading scene 0:  91%|█████████ | 454/500 [00:08<00:00, 55.48it/s]
Loading scene 0:  92%|█████████▏| 460/500 [00:08<00:00, 55.65it/s]
Loading scene 0:  93%|█████████▎| 466/500 [00:08<00:00, 56.00it/s]
Loading scene 0:  94%|█████████▍| 472/500 [00:08<00:00, 54.57it/s]
Loading scene 0:  96%|█████████▌| 478/500 [00:08<00:00, 54.49it/s]
Loading scene 0:  97%|█████████▋| 484/500 [00:08<00:00, 54.99it/s]
Loading scene 0:  98%|█████████▊| 490/500 [00:08<00:00, 55.08it/s]
Loading scene 0:  99%|█████████▉| 496/500 [00:08<00:00, 55.24it/s]
Loading scene 0: 100%|██████████| 500/500 [00:08<00:00, 56.54it/s]

Clip mode:   0%|          | 0/16 [00:00<?, ?it/s]
Clip mode:   6%|▋         | 1/16 [00:00<00:09,  1.54it/s]
Clip mode:  12%|█▎        | 2/16 [00:01<00:07,  1.80it/s]
Clip mode:  19%|█▉        | 3/16 [00:01<00:06,  1.91it/s]
Clip mode:  25%|██▌       | 4/16 [00:02<00:06,  1.96it/s]
Clip mode:  31%|███▏      | 5/16 [00:02<00:05,  1.99it/s]
Clip mode:  38%|███▊      | 6/16 [00:03<00:04,  2.01it/s]
Clip mode:  44%|████▍     | 7/16 [00:03<00:04,  2.02it/s]
Clip mode:  50%|█████     | 8/16 [00:04<00:03,  2.03it/s]
Clip mode:  56%|█████▋    | 9/16 [00:04<00:03,  2.04it/s]
Clip mode:  62%|██████▎   | 10/16 [00:05<00:02,  2.05it/s]
Clip mode:  69%|██████▉   | 11/16 [00:05<00:02,  2.05it/s]
Clip mode:  75%|███████▌  | 12/16 [00:06<00:01,  2.05it/s]
Clip mode:  81%|████████▏ | 13/16 [00:06<00:01,  2.05it/s]
Clip mode:  88%|████████▊ | 14/16 [00:06<00:00,  2.05it/s]
Clip mode:  94%|█████████▍| 15/16 [00:07<00:00,  2.06it/s]
Clip mode: 100%|██████████| 16/16 [00:07<00:00,  2.31it/s]
Clip mode: 100%|██████████| 16/16 [00:07<00:00,  2.06it/s]

Stream mode:   0%|          | 0/500 [00:00<?, ?it/s]
Stream mode:   1%|          | 3/500 [00:00<00:22, 22.30it/s]
Stream mode:   1%|          | 6/500 [00:00<00:31, 15.86it/s]
Stream mode:   2%|▏         | 8/500 [00:00<00:40, 12.28it/s]
Stream mode:   2%|▏         | 10/500 [00:00<00:49,  9.87it/s]
Stream mode:   2%|▏         | 12/500 [00:01<01:00,  8.12it/s]
Stream mode:   3%|▎         | 13/500 [00:01<01:06,  7.37it/s]
Stream mode:   3%|▎         | 14/500 [00:01<01:13,  6.65it/s]
Stream mode:   3%|▎         | 15/500 [00:01<01:20,  6.01it/s]
Stream mode:   3%|▎         | 16/500 [00:02<01:28,  5.46it/s]
Stream mode:   3%|▎         | 17/500 [00:02<01:37,  4.94it/s]
Stream mode:   4%|▎         | 18/500 [00:02<01:46,  4.53it/s]
Stream mode:   4%|▍         | 19/500 [00:02<01:54,  4.20it/s]
Stream mode:   4%|▍         | 20/500 [00:03<02:02,  3.91it/s]
Stream mode:   4%|▍         | 21/500 [00:03<02:10,  3.68it/s]
Stream mode:   4%|▍         | 22/500 [00:03<02:17,  3.48it/s]
Stream mode:   5%|▍         | 23/500 [00:04<02:24,  3.31it/s]
Stream mode:   5%|▍         | 24/500 [00:04<02:31,  3.15it/s]
Stream mode:   5%|▌         | 25/500 [00:04<02:38,  3.00it/s]
Stream mode:   5%|▌         | 26/500 [00:05<02:44,  2.87it/s]
Stream mode:   5%|▌         | 27/500 [00:05<02:51,  2.76it/s]
Stream mode:   6%|▌         | 28/500 [00:06<02:58,  2.65it/s]
Stream mode:   6%|▌         | 29/500 [00:06<03:04,  2.55it/s]
Stream mode:   6%|▌         | 30/500 [00:06<03:11,  2.46it/s]
Stream mode:   6%|▌         | 31/500 [00:07<03:17,  2.37it/s]
Stream mode:   6%|▋         | 32/500 [00:07<03:24,  2.29it/s]
Stream mode:   7%|▋         | 33/500 [00:08<03:29,  2.23it/s]
Stream mode:   7%|▋         | 34/500 [00:08<03:31,  2.20it/s]
Stream mode:   7%|▋         | 35/500 [00:09<03:33,  2.18it/s]
Stream mode:   7%|▋         | 36/500 [00:09<03:34,  2.16it/s]
Stream mode:   7%|▋         | 37/500 [00:10<03:35,  2.15it/s]
Stream mode:   8%|▊         | 38/500 [00:10<03:36,  2.14it/s]
Stream mode:   8%|▊         | 39/500 [00:11<03:36,  2.13it/s]
Stream mode:   8%|▊         | 40/500 [00:11<03:36,  2.13it/s]
Stream mode:   8%|▊         | 41/500 [00:12<03:35,  2.13it/s]
Stream mode:   8%|▊         | 42/500 [00:12<03:35,  2.12it/s]
Stream mode:   9%|▊         | 43/500 [00:13<03:35,  2.12it/s]
Stream mode:   9%|▉         | 44/500 [00:13<03:34,  2.12it/s]
Stream mode:   9%|▉         | 45/500 [00:13<03:34,  2.12it/s]
Stream mode:   9%|▉         | 46/500 [00:14<03:34,  2.12it/s]
Stream mode:   9%|▉         | 47/500 [00:14<03:33,  2.12it/s]
Stream mode:  10%|▉         | 48/500 [00:15<03:33,  2.12it/s]
Stream mode:  10%|▉         | 49/500 [00:15<03:32,  2.12it/s]
Stream mode:  10%|█         | 50/500 [00:16<03:32,  2.12it/s]
Stream mode:  10%|█         | 51/500 [00:16<03:32,  2.12it/s]
Stream mode:  10%|█         | 52/500 [00:17<03:31,  2.12it/s]
Stream mode:  11%|█         | 53/500 [00:17<03:31,  2.12it/s]
Stream mode:  11%|█         | 54/500 [00:18<03:30,  2.12it/s]
Stream mode:  11%|█         | 55/500 [00:18<03:30,  2.12it/s]
Stream mode:  11%|█         | 56/500 [00:19<03:30,  2.11it/s]
Stream mode:  11%|█▏        | 57/500 [00:19<03:29,  2.11it/s]
Stream mode:  12%|█▏        | 58/500 [00:20<03:29,  2.11it/s]
Stream mode:  12%|█▏        | 59/500 [00:20<03:28,  2.11it/s]
Stream mode:  12%|█▏        | 60/500 [00:21<03:28,  2.11it/s]
Stream mode:  12%|█▏        | 61/500 [00:21<03:27,  2.11it/s]
Stream mode:  12%|█▏        | 62/500 [00:22<03:27,  2.11it/s]
Stream mode:  13%|█▎        | 63/500 [00:22<03:27,  2.11it/s]
Stream mode:  13%|█▎        | 64/500 [00:22<03:26,  2.11it/s]
Stream mode:  13%|█▎        | 65/500 [00:23<03:26,  2.11it/s]
Stream mode:  13%|█▎        | 66/500 [00:23<03:25,  2.11it/s]
Stream mode:  13%|█▎        | 67/500 [00:24<03:25,  2.11it/s]
Stream mode:  14%|█▎        | 68/500 [00:24<03:24,  2.11it/s]
Stream mode:  14%|█▍        | 69/500 [00:25<03:24,  2.11it/s]
Stream mode:  14%|█▍        | 70/500 [00:25<03:23,  2.11it/s]
Stream mode:  14%|█▍        | 71/500 [00:26<03:23,  2.11it/s]
Stream mode:  14%|█▍        | 72/500 [00:26<03:22,  2.11it/s]
Stream mode:  15%|█▍        | 73/500 [00:27<03:22,  2.11it/s]
Stream mode:  15%|█▍        | 74/500 [00:27<03:21,  2.11it/s]
Stream mode:  15%|█▌        | 75/500 [00:28<03:21,  2.11it/s]
Stream mode:  15%|█▌        | 76/500 [00:28<03:20,  2.11it/s]
Stream mode:  15%|█▌        | 77/500 [00:29<03:20,  2.11it/s]
Stream mode:  16%|█▌        | 78/500 [00:29<03:19,  2.11it/s]
Stream mode:  16%|█▌        | 79/500 [00:30<03:19,  2.11it/s]
Stream mode:  16%|█▌        | 80/500 [00:30<03:19,  2.11it/s]
Stream mode:  16%|█▌        | 81/500 [00:31<03:18,  2.11it/s]
Stream mode:  16%|█▋        | 82/500 [00:31<03:18,  2.11it/s]
Stream mode:  17%|█▋        | 83/500 [00:31<03:17,  2.11it/s]
Stream mode:  17%|█▋        | 84/500 [00:32<03:17,  2.11it/s]
Stream mode:  17%|█▋        | 85/500 [00:32<03:16,  2.11it/s]
Stream mode:  17%|█▋        | 86/500 [00:33<03:16,  2.11it/s]
Stream mode:  17%|█▋        | 87/500 [00:33<03:15,  2.11it/s]
Stream mode:  18%|█▊        | 88/500 [00:34<03:15,  2.11it/s]
Stream mode:  18%|█▊        | 89/500 [00:34<03:14,  2.11it/s]
Stream mode:  18%|█▊        | 90/500 [00:35<03:14,  2.11it/s]
Stream mode:  18%|█▊        | 91/500 [00:35<03:14,  2.11it/s]
Stream mode:  18%|█▊        | 92/500 [00:36<03:13,  2.11it/s]
Stream mode:  19%|█▊        | 93/500 [00:36<03:12,  2.11it/s]
Stream mode:  19%|█▉        | 94/500 [00:37<03:12,  2.11it/s]
Stream mode:  19%|█▉        | 95/500 [00:37<03:12,  2.11it/s]
Stream mode:  19%|█▉        | 96/500 [00:38<03:11,  2.11it/s]
Stream mode:  19%|█▉        | 97/500 [00:38<03:11,  2.11it/s]
Stream mode:  20%|█▉        | 98/500 [00:39<03:10,  2.11it/s]
Stream mode:  20%|█▉        | 99/500 [00:39<03:10,  2.11it/s]
Stream mode:  20%|██        | 100/500 [00:40<03:09,  2.11it/s]
Stream mode:  20%|██        | 101/500 [00:40<03:09,  2.11it/s]
Stream mode:  20%|██        | 102/500 [00:40<03:08,  2.11it/s]
Stream mode:  21%|██        | 103/500 [00:41<03:08,  2.11it/s]
Stream mode:  21%|██        | 104/500 [00:41<03:07,  2.11it/s]
Stream mode:  21%|██        | 105/500 [00:42<03:07,  2.11it/s]
Stream mode:  21%|██        | 106/500 [00:42<03:07,  2.11it/s]
Stream mode:  21%|██▏       | 107/500 [00:43<03:06,  2.11it/s]
Stream mode:  22%|██▏       | 108/500 [00:43<03:06,  2.11it/s]
Stream mode:  22%|██▏       | 109/500 [00:44<03:05,  2.11it/s]
Stream mode:  22%|██▏       | 110/500 [00:44<03:05,  2.10it/s]
Stream mode:  22%|██▏       | 111/500 [00:45<03:04,  2.11it/s]
Stream mode:  22%|██▏       | 112/500 [00:45<03:04,  2.11it/s]
Stream mode:  23%|██▎       | 113/500 [00:46<03:03,  2.10it/s]
Stream mode:  23%|██▎       | 114/500 [00:46<03:03,  2.10it/s]
Stream mode:  23%|██▎       | 115/500 [00:47<03:03,  2.10it/s]
Stream mode:  23%|██▎       | 116/500 [00:47<03:02,  2.11it/s]
Stream mode:  23%|██▎       | 117/500 [00:48<03:01,  2.11it/s]
Stream mode:  24%|██▎       | 118/500 [00:48<03:01,  2.10it/s]
Stream mode:  24%|██▍       | 119/500 [00:49<03:01,  2.10it/s]
Stream mode:  24%|██▍       | 120/500 [00:49<03:00,  2.10it/s]
Stream mode:  24%|██▍       | 121/500 [00:50<03:00,  2.10it/s]
Stream mode:  24%|██▍       | 122/500 [00:50<02:59,  2.11it/s]
Stream mode:  25%|██▍       | 123/500 [00:50<02:59,  2.10it/s]
Stream mode:  25%|██▍       | 124/500 [00:51<02:58,  2.11it/s]
Stream mode:  25%|██▌       | 125/500 [00:51<02:58,  2.11it/s]
Stream mode:  25%|██▌       | 126/500 [00:52<02:57,  2.11it/s]
Stream mode:  25%|██▌       | 127/500 [00:52<02:57,  2.11it/s]
Stream mode:  26%|██▌       | 128/500 [00:53<02:56,  2.11it/s]
Stream mode:  26%|██▌       | 129/500 [00:53<02:56,  2.11it/s]
Stream mode:  26%|██▌       | 130/500 [00:54<02:55,  2.11it/s]
Stream mode:  26%|██▌       | 131/500 [00:54<02:55,  2.10it/s]
Stream mode:  26%|██▋       | 132/500 [00:55<02:54,  2.11it/s]
Stream mode:  27%|██▋       | 133/500 [00:55<02:54,  2.11it/s]
Stream mode:  27%|██▋       | 134/500 [00:56<02:53,  2.11it/s]
Stream mode:  27%|██▋       | 135/500 [00:56<02:53,  2.10it/s]
Stream mode:  27%|██▋       | 136/500 [00:57<02:52,  2.11it/s]
Stream mode:  27%|██▋       | 137/500 [00:57<02:52,  2.10it/s]
Stream mode:  28%|██▊       | 138/500 [00:58<02:51,  2.10it/s]
Stream mode:  28%|██▊       | 139/500 [00:58<02:51,  2.10it/s]
Stream mode:  28%|██▊       | 140/500 [00:59<02:51,  2.10it/s]
Stream mode:  28%|██▊       | 141/500 [00:59<02:50,  2.11it/s]
Stream mode:  28%|██▊       | 142/500 [00:59<02:50,  2.10it/s]
Stream mode:  29%|██▊       | 143/500 [01:00<02:49,  2.11it/s]
Stream mode:  29%|██▉       | 144/500 [01:00<02:49,  2.11it/s]
Stream mode:  29%|██▉       | 145/500 [01:01<02:48,  2.11it/s]
Stream mode:  29%|██▉       | 146/500 [01:01<02:48,  2.10it/s]
Stream mode:  29%|██▉       | 147/500 [01:02<02:47,  2.10it/s]
Stream mode:  30%|██▉       | 148/500 [01:02<02:47,  2.10it/s]
Stream mode:  30%|██▉       | 149/500 [01:03<02:46,  2.10it/s]
Stream mode:  30%|███       | 150/500 [01:03<02:46,  2.10it/s]
Stream mode:  30%|███       | 151/500 [01:04<02:45,  2.10it/s]
Stream mode:  30%|███       | 152/500 [01:04<02:45,  2.10it/s]
Stream mode:  31%|███       | 153/500 [01:05<02:45,  2.10it/s]
Stream mode:  31%|███       | 154/500 [01:05<02:44,  2.10it/s]
Stream mode:  31%|███       | 155/500 [01:06<02:44,  2.10it/s]
Stream mode:  31%|███       | 156/500 [01:06<02:43,  2.10it/s]
Stream mode:  31%|███▏      | 157/500 [01:07<02:43,  2.10it/s]
Stream mode:  32%|███▏      | 158/500 [01:07<02:42,  2.10it/s]
Stream mode:  32%|███▏      | 159/500 [01:08<02:42,  2.10it/s]
Stream mode:  32%|███▏      | 160/500 [01:08<02:41,  2.10it/s]
Stream mode:  32%|███▏      | 161/500 [01:09<02:41,  2.10it/s]
Stream mode:  32%|███▏      | 162/500 [01:09<02:40,  2.10it/s]
Stream mode:  33%|███▎      | 163/500 [01:09<02:40,  2.10it/s]
Stream mode:  33%|███▎      | 164/500 [01:10<02:39,  2.10it/s]
Stream mode:  33%|███▎      | 165/500 [01:10<02:39,  2.10it/s]
Stream mode:  33%|███▎      | 166/500 [01:11<02:38,  2.10it/s]
Stream mode:  33%|███▎      | 167/500 [01:11<02:38,  2.10it/s]
Stream mode:  34%|███▎      | 168/500 [01:12<02:37,  2.10it/s]
Stream mode:  34%|███▍      | 169/500 [01:12<02:37,  2.10it/s]
Stream mode:  34%|███▍      | 170/500 [01:13<02:36,  2.10it/s]
Stream mode:  34%|███▍      | 171/500 [01:13<02:36,  2.10it/s]
Stream mode:  34%|███▍      | 172/500 [01:14<02:35,  2.10it/s]
Stream mode:  35%|███▍      | 173/500 [01:14<02:35,  2.10it/s]
Stream mode:  35%|███▍      | 174/500 [01:15<02:35,  2.10it/s]
Stream mode:  35%|███▌      | 175/500 [01:15<02:34,  2.10it/s]
Stream mode:  35%|███▌      | 176/500 [01:16<02:34,  2.10it/s]
Stream mode:  35%|███▌      | 177/500 [01:16<02:33,  2.10it/s]
Stream mode:  36%|███▌      | 178/500 [01:17<02:33,  2.10it/s]
Stream mode:  36%|███▌      | 179/500 [01:17<02:32,  2.10it/s]
Stream mode:  36%|███▌      | 180/500 [01:18<02:32,  2.10it/s]
Stream mode:  36%|███▌      | 181/500 [01:18<02:32,  2.10it/s]
Stream mode:  36%|███▋      | 182/500 [01:19<02:31,  2.10it/s]
Stream mode:  37%|███▋      | 183/500 [01:19<02:30,  2.10it/s]
Stream mode:  37%|███▋      | 184/500 [01:19<02:30,  2.10it/s]
Stream mode:  37%|███▋      | 185/500 [01:20<02:30,  2.10it/s]
Stream mode:  37%|███▋      | 186/500 [01:20<02:29,  2.10it/s]
Stream mode:  37%|███▋      | 187/500 [01:21<02:29,  2.10it/s]
Stream mode:  38%|███▊      | 188/500 [01:21<02:28,  2.10it/s]
Stream mode:  38%|███▊      | 189/500 [01:22<02:28,  2.10it/s]
Stream mode:  38%|███▊      | 190/500 [01:22<02:27,  2.10it/s]
Stream mode:  38%|███▊      | 191/500 [01:23<02:27,  2.10it/s]
Stream mode:  38%|███▊      | 192/500 [01:23<02:26,  2.10it/s]
Stream mode:  39%|███▊      | 193/500 [01:24<02:26,  2.10it/s]
Stream mode:  39%|███▉      | 194/500 [01:24<02:25,  2.10it/s]
Stream mode:  39%|███▉      | 195/500 [01:25<02:25,  2.10it/s]
Stream mode:  39%|███▉      | 196/500 [01:25<02:24,  2.10it/s]
Stream mode:  39%|███▉      | 197/500 [01:26<02:24,  2.10it/s]
Stream mode:  40%|███▉      | 198/500 [01:26<02:23,  2.10it/s]
Stream mode:  40%|███▉      | 199/500 [01:27<02:23,  2.10it/s]
Stream mode:  40%|████      | 200/500 [01:27<02:23,  2.10it/s]
Stream mode:  40%|████      | 201/500 [01:28<02:22,  2.10it/s]
Stream mode:  40%|████      | 202/500 [01:28<02:21,  2.10it/s]
Stream mode:  41%|████      | 203/500 [01:29<02:21,  2.10it/s]
Stream mode:  41%|████      | 204/500 [01:29<02:21,  2.10it/s]
Stream mode:  41%|████      | 205/500 [01:29<02:20,  2.10it/s]
Stream mode:  41%|████      | 206/500 [01:30<02:20,  2.10it/s]
Stream mode:  41%|████▏     | 207/500 [01:30<02:19,  2.10it/s]
Stream mode:  42%|████▏     | 208/500 [01:31<02:19,  2.10it/s]
Stream mode:  42%|████▏     | 209/500 [01:31<02:18,  2.10it/s]
Stream mode:  42%|████▏     | 210/500 [01:32<02:18,  2.10it/s]
Stream mode:  42%|████▏     | 211/500 [01:32<02:17,  2.10it/s]
Stream mode:  42%|████▏     | 212/500 [01:33<02:17,  2.09it/s]
Stream mode:  43%|████▎     | 213/500 [01:33<02:17,  2.09it/s]
Stream mode:  43%|████▎     | 214/500 [01:34<02:16,  2.09it/s]
Stream mode:  43%|████▎     | 215/500 [01:34<02:16,  2.09it/s]
Stream mode:  43%|████▎     | 216/500 [01:35<02:15,  2.09it/s]
Stream mode:  43%|████▎     | 217/500 [01:35<02:15,  2.09it/s]
Stream mode:  44%|████▎     | 218/500 [01:36<02:14,  2.09it/s]
Stream mode:  44%|████▍     | 219/500 [01:36<02:14,  2.09it/s]
Stream mode:  44%|████▍     | 220/500 [01:37<02:13,  2.09it/s]
Stream mode:  44%|████▍     | 221/500 [01:37<02:13,  2.09it/s]
Stream mode:  44%|████▍     | 222/500 [01:38<02:12,  2.09it/s]
Stream mode:  45%|████▍     | 223/500 [01:38<02:12,  2.09it/s]
Stream mode:  45%|████▍     | 224/500 [01:39<02:11,  2.09it/s]
Stream mode:  45%|████▌     | 225/500 [01:39<02:11,  2.09it/s]
Stream mode:  45%|████▌     | 226/500 [01:40<02:11,  2.09it/s]
Stream mode:  45%|████▌     | 227/500 [01:40<02:10,  2.09it/s]
Stream mode:  46%|████▌     | 228/500 [01:40<02:10,  2.09it/s]
Stream mode:  46%|████▌     | 229/500 [01:41<02:09,  2.09it/s]
Stream mode:  46%|████▌     | 230/500 [01:41<02:09,  2.09it/s]
Stream mode:  46%|████▌     | 231/500 [01:42<02:08,  2.09it/s]
Stream mode:  46%|████▋     | 232/500 [01:42<02:08,  2.09it/s]
Stream mode:  47%|████▋     | 233/500 [01:43<02:07,  2.09it/s]
Stream mode:  47%|████▋     | 234/500 [01:43<02:07,  2.09it/s]
Stream mode:  47%|████▋     | 235/500 [01:44<02:06,  2.09it/s]
Stream mode:  47%|████▋     | 236/500 [01:44<02:06,  2.09it/s]
Stream mode:  47%|████▋     | 237/500 [01:45<02:05,  2.09it/s]
Stream mode:  48%|████▊     | 238/500 [01:45<02:05,  2.09it/s]
Stream mode:  48%|████▊     | 239/500 [01:46<02:05,  2.09it/s]
Stream mode:  48%|████▊     | 240/500 [01:46<02:04,  2.09it/s]
Stream mode:  48%|████▊     | 241/500 [01:47<02:04,  2.09it/s]
Stream mode:  48%|████▊     | 242/500 [01:47<02:03,  2.09it/s]
Stream mode:  49%|████▊     | 243/500 [01:48<02:03,  2.09it/s]
Stream mode:  49%|████▉     | 244/500 [01:48<02:02,  2.09it/s]
Stream mode:  49%|████▉     | 245/500 [01:49<02:02,  2.09it/s]
Stream mode:  49%|████▉     | 246/500 [01:49<02:01,  2.09it/s]
Stream mode:  49%|████▉     | 247/500 [01:50<02:01,  2.09it/s]
Stream mode:  50%|████▉     | 248/500 [01:50<02:00,  2.09it/s]
Stream mode:  50%|████▉     | 249/500 [01:51<02:00,  2.09it/s]
Stream mode:  50%|█████     | 250/500 [01:51<01:59,  2.08it/s]
Stream mode:  50%|█████     | 251/500 [01:51<01:59,  2.08it/s]
Stream mode:  50%|█████     | 252/500 [01:52<01:58,  2.08it/s]
Stream mode:  51%|█████     | 253/500 [01:52<01:58,  2.08it/s]
Stream mode:  51%|█████     | 254/500 [01:53<01:58,  2.08it/s]
Stream mode:  51%|█████     | 255/500 [01:53<01:57,  2.08it/s]
Stream mode:  51%|█████     | 256/500 [01:54<01:57,  2.08it/s]
Stream mode:  51%|█████▏    | 257/500 [01:54<01:56,  2.08it/s]
Stream mode:  52%|█████▏    | 258/500 [01:55<01:56,  2.08it/s]
Stream mode:  52%|█████▏    | 259/500 [01:55<01:55,  2.08it/s]
Stream mode:  52%|█████▏    | 260/500 [01:56<01:55,  2.08it/s]
Stream mode:  52%|█████▏    | 261/500 [01:56<01:54,  2.08it/s]
Stream mode:  52%|█████▏    | 262/500 [01:57<01:54,  2.08it/s]
Stream mode:  53%|█████▎    | 263/500 [01:57<01:53,  2.08it/s]
Stream mode:  53%|█████▎    | 264/500 [01:58<01:53,  2.08it/s]
Stream mode:  53%|█████▎    | 265/500 [01:58<01:52,  2.08it/s]
Stream mode:  53%|█████▎    | 266/500 [01:59<01:52,  2.08it/s]
Stream mode:  53%|█████▎    | 267/500 [01:59<01:51,  2.08it/s]
Stream mode:  54%|█████▎    | 268/500 [02:00<01:51,  2.08it/s]
Stream mode:  54%|█████▍    | 269/500 [02:00<01:50,  2.08it/s]
Stream mode:  54%|█████▍    | 270/500 [02:01<01:50,  2.08it/s]
Stream mode:  54%|█████▍    | 271/500 [02:01<01:50,  2.08it/s]
Stream mode:  54%|█████▍    | 272/500 [02:02<01:49,  2.08it/s]
Stream mode:  55%|█████▍    | 273/500 [02:02<01:49,  2.08it/s]
Stream mode:  55%|█████▍    | 274/500 [02:03<01:48,  2.08it/s]
Stream mode:  55%|█████▌    | 275/500 [02:03<01:48,  2.08it/s]
Stream mode:  55%|█████▌    | 276/500 [02:03<01:47,  2.08it/s]
Stream mode:  55%|█████▌    | 277/500 [02:04<01:47,  2.08it/s]
Stream mode:  56%|█████▌    | 278/500 [02:04<01:46,  2.08it/s]
Stream mode:  56%|█████▌    | 279/500 [02:05<01:46,  2.08it/s]
Stream mode:  56%|█████▌    | 280/500 [02:05<01:45,  2.08it/s]
Stream mode:  56%|█████▌    | 281/500 [02:06<01:45,  2.08it/s]
Stream mode:  56%|█████▋    | 282/500 [02:06<01:44,  2.08it/s]
Stream mode:  57%|█████▋    | 283/500 [02:07<01:44,  2.08it/s]
Stream mode:  57%|█████▋    | 284/500 [02:07<01:43,  2.08it/s]
Stream mode:  57%|█████▋    | 285/500 [02:08<01:43,  2.08it/s]
Stream mode:  57%|█████▋    | 286/500 [02:08<01:42,  2.08it/s]
Stream mode:  57%|█████▋    | 287/500 [02:09<01:42,  2.08it/s]
Stream mode:  58%|█████▊    | 288/500 [02:09<01:41,  2.08it/s]
Stream mode:  58%|█████▊    | 289/500 [02:10<01:41,  2.08it/s]
Stream mode:  58%|█████▊    | 290/500 [02:10<01:40,  2.08it/s]
Stream mode:  58%|█████▊    | 291/500 [02:11<01:40,  2.08it/s]
Stream mode:  58%|█████▊    | 292/500 [02:11<01:39,  2.08it/s]
Stream mode:  59%|█████▊    | 293/500 [02:12<01:39,  2.08it/s]
Stream mode:  59%|█████▉    | 294/500 [02:12<01:38,  2.08it/s]
Stream mode:  59%|█████▉    | 295/500 [02:13<01:38,  2.08it/s]
Stream mode:  59%|█████▉    | 296/500 [02:13<01:37,  2.08it/s]
Stream mode:  59%|█████▉    | 297/500 [02:14<01:37,  2.08it/s]
Stream mode:  60%|█████▉    | 298/500 [02:14<01:36,  2.08it/s]
Stream mode:  60%|█████▉    | 299/500 [02:15<01:36,  2.08it/s]
Stream mode:  60%|██████    | 300/500 [02:15<01:35,  2.08it/s]
Stream mode:  60%|██████    | 301/500 [02:15<01:35,  2.08it/s]
Stream mode:  60%|██████    | 302/500 [02:16<01:35,  2.08it/s]
Stream mode:  61%|██████    | 303/500 [02:16<01:34,  2.08it/s]
Stream mode:  61%|██████    | 304/500 [02:17<01:34,  2.08it/s]
Stream mode:  61%|██████    | 305/500 [02:17<01:33,  2.08it/s]
Stream mode:  61%|██████    | 306/500 [02:18<01:33,  2.08it/s]
Stream mode:  61%|██████▏   | 307/500 [02:18<01:32,  2.08it/s]
Stream mode:  62%|██████▏   | 308/500 [02:19<01:32,  2.08it/s]
Stream mode:  62%|██████▏   | 309/500 [02:19<01:31,  2.08it/s]
Stream mode:  62%|██████▏   | 310/500 [02:20<01:31,  2.08it/s]
Stream mode:  62%|██████▏   | 311/500 [02:20<01:30,  2.08it/s]
Stream mode:  62%|██████▏   | 312/500 [02:21<01:30,  2.08it/s]
Stream mode:  63%|██████▎   | 313/500 [02:21<01:29,  2.08it/s]
Stream mode:  63%|██████▎   | 314/500 [02:22<01:29,  2.08it/s]
Stream mode:  63%|██████▎   | 315/500 [02:22<01:28,  2.08it/s]
Stream mode:  63%|██████▎   | 316/500 [02:23<01:28,  2.08it/s]
Stream mode:  63%|██████▎   | 317/500 [02:23<01:27,  2.08it/s]
Stream mode:  64%|██████▎   | 318/500 [02:24<01:27,  2.08it/s]
Stream mode:  64%|██████▍   | 319/500 [02:24<01:26,  2.08it/s]
Stream mode:  64%|██████▍   | 320/500 [02:25<01:26,  2.08it/s]
Stream mode:  64%|██████▍   | 321/500 [02:25<01:25,  2.08it/s]
Stream mode:  64%|██████▍   | 322/500 [02:26<01:25,  2.08it/s]
Stream mode:  65%|██████▍   | 323/500 [02:26<01:24,  2.08it/s]
Stream mode:  65%|██████▍   | 324/500 [02:27<01:24,  2.08it/s]
Stream mode:  65%|██████▌   | 325/500 [02:27<01:23,  2.08it/s]
Stream mode:  65%|██████▌   | 326/500 [02:27<01:23,  2.08it/s]
Stream mode:  65%|██████▌   | 327/500 [02:28<01:23,  2.08it/s]
Stream mode:  66%|██████▌   | 328/500 [02:28<01:22,  2.08it/s]
Stream mode:  66%|██████▌   | 329/500 [02:29<01:22,  2.08it/s]
Stream mode:  66%|██████▌   | 330/500 [02:29<01:21,  2.08it/s]
Stream mode:  66%|██████▌   | 331/500 [02:30<01:21,  2.08it/s]
Stream mode:  66%|██████▋   | 332/500 [02:30<01:20,  2.08it/s]
Stream mode:  67%|██████▋   | 333/500 [02:31<01:20,  2.08it/s]
Stream mode:  67%|██████▋   | 334/500 [02:31<01:19,  2.08it/s]
Stream mode:  67%|██████▋   | 335/500 [02:32<01:19,  2.08it/s]
Stream mode:  67%|██████▋   | 336/500 [02:32<01:18,  2.08it/s]
Stream mode:  67%|██████▋   | 337/500 [02:33<01:18,  2.08it/s]
Stream mode:  68%|██████▊   | 338/500 [02:33<01:17,  2.08it/s]
Stream mode:  68%|██████▊   | 339/500 [02:34<01:17,  2.08it/s]
Stream mode:  68%|██████▊   | 340/500 [02:34<01:16,  2.08it/s]
Stream mode:  68%|██████▊   | 341/500 [02:35<01:16,  2.08it/s]
Stream mode:  68%|██████▊   | 342/500 [02:35<01:15,  2.08it/s]
Stream mode:  69%|██████▊   | 343/500 [02:36<01:15,  2.08it/s]
Stream mode:  69%|██████▉   | 344/500 [02:36<01:14,  2.08it/s]
Stream mode:  69%|██████▉   | 345/500 [02:37<01:14,  2.08it/s]
Stream mode:  69%|██████▉   | 346/500 [02:37<01:13,  2.08it/s]
Stream mode:  69%|██████▉   | 347/500 [02:38<01:13,  2.08it/s]
Stream mode:  70%|██████▉   | 348/500 [02:38<01:12,  2.08it/s]
Stream mode:  70%|██████▉   | 349/500 [02:39<01:12,  2.08it/s]
Stream mode:  70%|███████   | 350/500 [02:39<01:11,  2.08it/s]
Stream mode:  70%|███████   | 351/500 [02:39<01:11,  2.08it/s]
Stream mode:  70%|███████   | 352/500 [02:40<01:11,  2.08it/s]
Stream mode:  71%|███████   | 353/500 [02:40<01:10,  2.08it/s]
Stream mode:  71%|███████   | 354/500 [02:41<01:10,  2.08it/s]
Stream mode:  71%|███████   | 355/500 [02:41<01:09,  2.08it/s]
Stream mode:  71%|███████   | 356/500 [02:42<01:09,  2.08it/s]
Stream mode:  71%|███████▏  | 357/500 [02:42<01:08,  2.08it/s]
Stream mode:  72%|███████▏  | 358/500 [02:43<01:08,  2.08it/s]
Stream mode:  72%|███████▏  | 359/500 [02:43<01:07,  2.08it/s]
Stream mode:  72%|███████▏  | 360/500 [02:44<01:07,  2.08it/s]
Stream mode:  72%|███████▏  | 361/500 [02:44<01:06,  2.08it/s]
Stream mode:  72%|███████▏  | 362/500 [02:45<01:06,  2.08it/s]
Stream mode:  73%|███████▎  | 363/500 [02:45<01:05,  2.08it/s]
Stream mode:  73%|███████▎  | 364/500 [02:46<01:05,  2.08it/s]
Stream mode:  73%|███████▎  | 365/500 [02:46<01:05,  2.08it/s]
Stream mode:  73%|███████▎  | 366/500 [02:47<01:04,  2.08it/s]
Stream mode:  73%|███████▎  | 367/500 [02:47<01:04,  2.08it/s]
Stream mode:  74%|███████▎  | 368/500 [02:48<01:03,  2.08it/s]
Stream mode:  74%|███████▍  | 369/500 [02:48<01:03,  2.08it/s]
Stream mode:  74%|███████▍  | 370/500 [02:49<01:02,  2.08it/s]
Stream mode:  74%|███████▍  | 371/500 [02:49<01:02,  2.08it/s]
Stream mode:  74%|███████▍  | 372/500 [02:50<01:01,  2.08it/s]
Stream mode:  75%|███████▍  | 373/500 [02:50<01:01,  2.08it/s]
Stream mode:  75%|███████▍  | 374/500 [02:51<01:00,  2.08it/s]
Stream mode:  75%|███████▌  | 375/500 [02:51<01:00,  2.08it/s]
Stream mode:  75%|███████▌  | 376/500 [02:52<00:59,  2.08it/s]
Stream mode:  75%|███████▌  | 377/500 [02:52<00:59,  2.07it/s]
Stream mode:  76%|███████▌  | 378/500 [02:52<00:58,  2.07it/s]
Stream mode:  76%|███████▌  | 379/500 [02:53<00:58,  2.07it/s]
Stream mode:  76%|███████▌  | 380/500 [02:53<00:57,  2.08it/s]
Stream mode:  76%|███████▌  | 381/500 [02:54<00:57,  2.08it/s]
Stream mode:  76%|███████▋  | 382/500 [02:54<00:56,  2.07it/s]
Stream mode:  77%|███████▋  | 383/500 [02:55<00:56,  2.07it/s]
Stream mode:  77%|███████▋  | 384/500 [02:55<00:55,  2.08it/s]
Stream mode:  77%|███████▋  | 385/500 [02:56<00:55,  2.08it/s]
Stream mode:  77%|███████▋  | 386/500 [02:56<00:54,  2.07it/s]
Stream mode:  77%|███████▋  | 387/500 [02:57<00:54,  2.07it/s]
Stream mode:  78%|███████▊  | 388/500 [02:57<00:54,  2.07it/s]
Stream mode:  78%|███████▊  | 389/500 [02:58<00:53,  2.07it/s]
Stream mode:  78%|███████▊  | 390/500 [02:58<00:53,  2.07it/s]
Stream mode:  78%|███████▊  | 391/500 [02:59<00:52,  2.07it/s]
Stream mode:  78%|███████▊  | 392/500 [02:59<00:52,  2.07it/s]
Stream mode:  79%|███████▊  | 393/500 [03:00<00:51,  2.07it/s]
Stream mode:  79%|███████▉  | 394/500 [03:00<00:51,  2.07it/s]
Stream mode:  79%|███████▉  | 395/500 [03:01<00:50,  2.07it/s]
Stream mode:  79%|███████▉  | 396/500 [03:01<00:50,  2.07it/s]
Stream mode:  79%|███████▉  | 397/500 [03:02<00:49,  2.07it/s]
Stream mode:  80%|███████▉  | 398/500 [03:02<00:49,  2.08it/s]
Stream mode:  80%|███████▉  | 399/500 [03:03<00:48,  2.08it/s]
Stream mode:  80%|████████  | 400/500 [03:03<00:48,  2.08it/s]
Stream mode:  80%|████████  | 401/500 [03:04<00:47,  2.08it/s]
Stream mode:  80%|████████  | 402/500 [03:04<00:47,  2.08it/s]
Stream mode:  81%|████████  | 403/500 [03:05<00:46,  2.07it/s]
Stream mode:  81%|████████  | 404/500 [03:05<00:46,  2.07it/s]
Stream mode:  81%|████████  | 405/500 [03:05<00:45,  2.07it/s]
Stream mode:  81%|████████  | 406/500 [03:06<00:45,  2.07it/s]
Stream mode:  81%|████████▏ | 407/500 [03:06<00:44,  2.07it/s]
Stream mode:  82%|████████▏ | 408/500 [03:07<00:44,  2.07it/s]
Stream mode:  82%|████████▏ | 409/500 [03:07<00:43,  2.07it/s]
Stream mode:  82%|████████▏ | 410/500 [03:08<00:43,  2.07it/s]
Stream mode:  82%|████████▏ | 411/500 [03:08<00:42,  2.07it/s]
Stream mode:  82%|████████▏ | 412/500 [03:09<00:42,  2.07it/s]
Stream mode:  83%|████████▎ | 413/500 [03:09<00:41,  2.07it/s]
Stream mode:  83%|████████▎ | 414/500 [03:10<00:41,  2.07it/s]
Stream mode:  83%|████████▎ | 415/500 [03:10<00:40,  2.07it/s]
Stream mode:  83%|████████▎ | 416/500 [03:11<00:40,  2.07it/s]
Stream mode:  83%|████████▎ | 417/500 [03:11<00:40,  2.07it/s]
Stream mode:  84%|████████▎ | 418/500 [03:12<00:39,  2.07it/s]
Stream mode:  84%|████████▍ | 419/500 [03:12<00:39,  2.07it/s]
Stream mode:  84%|████████▍ | 420/500 [03:13<00:38,  2.08it/s]
Stream mode:  84%|████████▍ | 421/500 [03:13<00:38,  2.08it/s]
Stream mode:  84%|████████▍ | 422/500 [03:14<00:37,  2.08it/s]
Stream mode:  85%|████████▍ | 423/500 [03:14<00:37,  2.08it/s]
Stream mode:  85%|████████▍ | 424/500 [03:15<00:36,  2.07it/s]
Stream mode:  85%|████████▌ | 425/500 [03:15<00:36,  2.07it/s]
Stream mode:  85%|████████▌ | 426/500 [03:16<00:35,  2.07it/s]
Stream mode:  85%|████████▌ | 427/500 [03:16<00:35,  2.08it/s]
Stream mode:  86%|████████▌ | 428/500 [03:17<00:34,  2.08it/s]
Stream mode:  86%|████████▌ | 429/500 [03:17<00:34,  2.08it/s]
Stream mode:  86%|████████▌ | 430/500 [03:18<00:33,  2.08it/s]
Stream mode:  86%|████████▌ | 431/500 [03:18<00:33,  2.08it/s]
Stream mode:  86%|████████▋ | 432/500 [03:19<00:32,  2.08it/s]
Stream mode:  87%|████████▋ | 433/500 [03:19<00:32,  2.07it/s]
Stream mode:  87%|████████▋ | 434/500 [03:19<00:31,  2.07it/s]
Stream mode:  87%|████████▋ | 435/500 [03:20<00:31,  2.07it/s]
Stream mode:  87%|████████▋ | 436/500 [03:20<00:30,  2.07it/s]
Stream mode:  87%|████████▋ | 437/500 [03:21<00:30,  2.07it/s]
Stream mode:  88%|████████▊ | 438/500 [03:21<00:29,  2.07it/s]
Stream mode:  88%|████████▊ | 439/500 [03:22<00:29,  2.08it/s]
Stream mode:  88%|████████▊ | 440/500 [03:22<00:28,  2.08it/s]
Stream mode:  88%|████████▊ | 441/500 [03:23<00:28,  2.07it/s]
Stream mode:  88%|████████▊ | 442/500 [03:23<00:27,  2.07it/s]
Stream mode:  89%|████████▊ | 443/500 [03:24<00:27,  2.07it/s]
Stream mode:  89%|████████▉ | 444/500 [03:24<00:26,  2.07it/s]
Stream mode:  89%|████████▉ | 445/500 [03:25<00:26,  2.07it/s]
Stream mode:  89%|████████▉ | 446/500 [03:25<00:26,  2.08it/s]
Stream mode:  89%|████████▉ | 447/500 [03:26<00:25,  2.08it/s]
Stream mode:  90%|████████▉ | 448/500 [03:26<00:25,  2.08it/s]
Stream mode:  90%|████████▉ | 449/500 [03:27<00:24,  2.08it/s]
Stream mode:  90%|█████████ | 450/500 [03:27<00:24,  2.08it/s]
Stream mode:  90%|█████████ | 451/500 [03:28<00:23,  2.07it/s]
Stream mode:  90%|█████████ | 452/500 [03:28<00:23,  2.07it/s]
Stream mode:  91%|█████████ | 453/500 [03:29<00:22,  2.07it/s]
Stream mode:  91%|█████████ | 454/500 [03:29<00:22,  2.08it/s]
Stream mode:  91%|█████████ | 455/500 [03:30<00:21,  2.07it/s]
Stream mode:  91%|█████████ | 456/500 [03:30<00:21,  2.07it/s]
Stream mode:  91%|█████████▏| 457/500 [03:31<00:20,  2.08it/s]
Stream mode:  92%|█████████▏| 458/500 [03:31<00:20,  2.07it/s]
Stream mode:  92%|█████████▏| 459/500 [03:32<00:19,  2.07it/s]
Stream mode:  92%|█████████▏| 460/500 [03:32<00:19,  2.07it/s]
Stream mode:  92%|█████████▏| 461/500 [03:32<00:18,  2.07it/s]
Stream mode:  92%|█████████▏| 462/500 [03:33<00:18,  2.07it/s]
Stream mode:  93%|█████████▎| 463/500 [03:33<00:17,  2.07it/s]
Stream mode:  93%|█████████▎| 464/500 [03:34<00:17,  2.08it/s]
Stream mode:  93%|█████████▎| 465/500 [03:34<00:16,  2.08it/s]
Stream mode:  93%|█████████▎| 466/500 [03:35<00:16,  2.08it/s]
Stream mode:  93%|█████████▎| 467/500 [03:35<00:15,  2.08it/s]
Stream mode:  94%|█████████▎| 468/500 [03:36<00:15,  2.08it/s]
Stream mode:  94%|█████████▍| 469/500 [03:36<00:14,  2.07it/s]
Stream mode:  94%|█████████▍| 470/500 [03:37<00:14,  2.07it/s]
Stream mode:  94%|█████████▍| 471/500 [03:37<00:13,  2.07it/s]
Stream mode:  94%|█████████▍| 472/500 [03:38<00:13,  2.08it/s]
Stream mode:  95%|█████████▍| 473/500 [03:38<00:13,  2.08it/s]
Stream mode:  95%|█████████▍| 474/500 [03:39<00:12,  2.08it/s]
Stream mode:  95%|█████████▌| 475/500 [03:39<00:12,  2.08it/s]
Stream mode:  95%|█████████▌| 476/500 [03:40<00:11,  2.08it/s]
Stream mode:  95%|█████████▌| 477/500 [03:40<00:11,  2.08it/s]
Stream mode:  96%|█████████▌| 478/500 [03:41<00:10,  2.08it/s]
Stream mode:  96%|█████████▌| 479/500 [03:41<00:10,  2.07it/s]
Stream mode:  96%|█████████▌| 480/500 [03:42<00:09,  2.07it/s]
Stream mode:  96%|█████████▌| 481/500 [03:42<00:09,  2.07it/s]
Stream mode:  96%|█████████▋| 482/500 [03:43<00:08,  2.07it/s]
Stream mode:  97%|█████████▋| 483/500 [03:43<00:08,  2.07it/s]
Stream mode:  97%|█████████▋| 484/500 [03:44<00:07,  2.07it/s]
Stream mode:  97%|█████████▋| 485/500 [03:44<00:07,  2.08it/s]
Stream mode:  97%|█████████▋| 486/500 [03:45<00:06,  2.08it/s]
Stream mode:  97%|█████████▋| 487/500 [03:45<00:06,  2.07it/s]
Stream mode:  98%|█████████▊| 488/500 [03:46<00:05,  2.07it/s]
Stream mode:  98%|█████████▊| 489/500 [03:46<00:05,  2.07it/s]
Stream mode:  98%|█████████▊| 490/500 [03:46<00:04,  2.07it/s]
Stream mode:  98%|█████████▊| 491/500 [03:47<00:04,  2.08it/s]
Stream mode:  98%|█████████▊| 492/500 [03:47<00:03,  2.08it/s]
Stream mode:  99%|█████████▊| 493/500 [03:48<00:03,  2.08it/s]
Stream mode:  99%|█████████▉| 494/500 [03:48<00:02,  2.08it/s]
Stream mode:  99%|█████████▉| 495/500 [03:49<00:02,  2.08it/s]
Stream mode:  99%|█████████▉| 496/500 [03:49<00:01,  2.08it/s]
Stream mode:  99%|█████████▉| 497/500 [03:50<00:01,  2.08it/s]
Stream mode: 100%|█████████▉| 498/500 [03:50<00:00,  2.08it/s]
Stream mode: 100%|█████████▉| 499/500 [03:51<00:00,  2.08it/s]
Stream mode: 100%|██████████| 500/500 [03:51<00:00,  2.08it/s]
Stream mode: 100%|██████████| 500/500 [03:51<00:00,  2.16it/s]

Loading scene 1:   0%|          | 0/500 [00:00<?, ?it/s]
Loading scene 1:   1%|          | 5/500 [00:00<00:10, 45.40it/s]
Loading scene 1:   2%|▏         | 12/500 [00:00<00:08, 54.59it/s]
Loading scene 1:   4%|▍         | 19/500 [00:00<00:08, 57.61it/s]
Loading scene 1:   5%|▌         | 26/500 [00:00<00:08, 58.72it/s]
Loading scene 1:   7%|▋         | 33/500 [00:00<00:08, 58.08it/s]
Loading scene 1:   8%|▊         | 39/500 [00:00<00:08, 56.58it/s]
Loading scene 1:   9%|▉         | 46/500 [00:00<00:07, 57.96it/s]
Loading scene 1:  11%|█         | 53/500 [00:00<00:07, 58.77it/s]
Loading scene 1:  12%|█▏        | 60/500 [00:01<00:07, 59.38it/s]
Loading scene 1:  13%|█▎        | 67/500 [00:01<00:07, 59.73it/s]
Loading scene 1:  15%|█▍        | 73/500 [00:01<00:07, 59.78it/s]
Loading scene 1:  16%|█▌        | 80/500 [00:01<00:07, 59.93it/s]
Loading scene 1:  17%|█▋        | 86/500 [00:01<00:06, 59.67it/s]
Loading scene 1:  18%|█▊        | 92/500 [00:01<00:06, 59.57it/s]
Loading scene 1:  20%|█▉        | 98/500 [00:01<00:06, 59.35it/s]
Loading scene 1:  21%|██        | 104/500 [00:01<00:07, 55.59it/s]
Loading scene 1:  22%|██▏       | 110/500 [00:01<00:06, 55.79it/s]
Loading scene 1:  23%|██▎       | 116/500 [00:02<00:07, 52.81it/s]
Loading scene 1:  24%|██▍       | 122/500 [00:02<00:07, 53.86it/s]
Loading scene 1:  26%|██▌       | 128/500 [00:02<00:06, 53.77it/s]
Loading scene 1:  27%|██▋       | 134/500 [00:02<00:06, 54.45it/s]
Loading scene 1:  28%|██▊       | 140/500 [00:02<00:06, 54.26it/s]
Loading scene 1:  29%|██▉       | 146/500 [00:02<00:06, 54.02it/s]
Loading scene 1:  30%|███       | 152/500 [00:02<00:06, 53.47it/s]
Loading scene 1:  32%|███▏      | 158/500 [00:02<00:06, 54.29it/s]
Loading scene 1:  33%|███▎      | 164/500 [00:02<00:06, 53.81it/s]
Loading scene 1:  34%|███▍      | 170/500 [00:03<00:06, 53.61it/s]
Loading scene 1:  35%|███▌      | 176/500 [00:03<00:06, 51.65it/s]
Loading scene 1:  36%|███▋      | 182/500 [00:03<00:06, 51.14it/s]
Loading scene 1:  38%|███▊      | 189/500 [00:03<00:05, 53.84it/s]
Loading scene 1:  39%|███▉      | 195/500 [00:03<00:05, 54.53it/s]
Loading scene 1:  40%|████      | 201/500 [00:03<00:05, 55.91it/s]
Loading scene 1:  41%|████▏     | 207/500 [00:03<00:05, 56.41it/s]
Loading scene 1:  43%|████▎     | 214/500 [00:03<00:04, 57.55it/s]
Loading scene 1:  44%|████▍     | 221/500 [00:03<00:04, 58.35it/s]
Loading scene 1:  45%|████▌     | 227/500 [00:04<00:04, 58.60it/s]
Loading scene 1:  47%|████▋     | 234/500 [00:04<00:04, 58.98it/s]
Loading scene 1:  48%|████▊     | 240/500 [00:04<00:04, 58.99it/s]
Loading scene 1:  49%|████▉     | 246/500 [00:04<00:04, 54.92it/s]
Loading scene 1:  50%|█████     | 252/500 [00:04<00:04, 56.09it/s]
Loading scene 1:  52%|█████▏    | 258/500 [00:04<00:04, 56.93it/s]
Loading scene 1:  53%|█████▎    | 264/500 [00:04<00:04, 55.54it/s]
Loading scene 1:  54%|█████▍    | 270/500 [00:04<00:04, 56.44it/s]
Loading scene 1:  55%|█████▌    | 276/500 [00:04<00:03, 57.44it/s]
Loading scene 1:  56%|█████▋    | 282/500 [00:05<00:03, 58.05it/s]
Loading scene 1:  58%|█████▊    | 288/500 [00:05<00:03, 56.96it/s]
Loading scene 1:  59%|█████▉    | 294/500 [00:05<00:03, 57.08it/s]
Loading scene 1:  60%|██████    | 300/500 [00:05<00:03, 56.31it/s]
Loading scene 1:  61%|██████    | 306/500 [00:05<00:03, 55.72it/s]
Loading scene 1:  62%|██████▏   | 312/500 [00:05<00:03, 55.42it/s]
Loading scene 1:  64%|██████▎   | 318/500 [00:05<00:03, 55.19it/s]
Loading scene 1:  65%|██████▍   | 324/500 [00:05<00:03, 54.99it/s]
Loading scene 1:  66%|██████▌   | 330/500 [00:05<00:03, 54.98it/s]
Loading scene 1:  67%|██████▋   | 336/500 [00:05<00:03, 53.55it/s]
Loading scene 1:  68%|██████▊   | 342/500 [00:06<00:02, 54.02it/s]
Loading scene 1:  70%|██████▉   | 348/500 [00:06<00:02, 53.47it/s]
Loading scene 1:  71%|███████   | 354/500 [00:06<00:02, 53.27it/s]
Loading scene 1:  72%|███████▏  | 360/500 [00:06<00:02, 52.47it/s]
Loading scene 1:  73%|███████▎  | 366/500 [00:06<00:02, 53.13it/s]
Loading scene 1:  74%|███████▍  | 372/500 [00:06<00:02, 53.82it/s]
Loading scene 1:  76%|███████▌  | 378/500 [00:06<00:02, 53.36it/s]
Loading scene 1:  77%|███████▋  | 384/500 [00:06<00:02, 54.19it/s]
Loading scene 1:  78%|███████▊  | 390/500 [00:06<00:01, 55.10it/s]
Loading scene 1:  79%|███████▉  | 396/500 [00:07<00:01, 55.85it/s]
Loading scene 1:  80%|████████  | 402/500 [00:07<00:01, 56.13it/s]
Loading scene 1:  82%|████████▏ | 408/500 [00:07<00:01, 55.73it/s]
Loading scene 1:  83%|████████▎ | 414/500 [00:07<00:01, 56.19it/s]
Loading scene 1:  84%|████████▍ | 420/500 [00:07<00:01, 56.56it/s]
Loading scene 1:  85%|████████▌ | 426/500 [00:07<00:01, 56.78it/s]
Loading scene 1:  86%|████████▋ | 432/500 [00:07<00:01, 55.65it/s]
Loading scene 1:  88%|████████▊ | 438/500 [00:07<00:01, 56.36it/s]
Loading scene 1:  89%|████████▉ | 444/500 [00:07<00:00, 56.95it/s]
Loading scene 1:  90%|█████████ | 450/500 [00:08<00:00, 56.68it/s]
Loading scene 1:  91%|█████████ | 456/500 [00:08<00:00, 56.47it/s]
Loading scene 1:  92%|█████████▏| 462/500 [00:08<00:00, 55.90it/s]
Loading scene 1:  94%|█████████▎| 468/500 [00:08<00:00, 56.69it/s]
Loading scene 1:  95%|█████████▍| 474/500 [00:08<00:00, 57.50it/s]
Loading scene 1:  96%|█████████▌| 480/500 [00:08<00:00, 57.92it/s]
Loading scene 1:  97%|█████████▋| 486/500 [00:08<00:00, 58.16it/s]
Loading scene 1:  98%|█████████▊| 492/500 [00:08<00:00, 56.09it/s]
Loading scene 1: 100%|█████████▉| 498/500 [00:08<00:00, 56.33it/s]
Loading scene 1: 100%|██████████| 500/500 [00:08<00:00, 55.95it/s]

Clip mode:   0%|          | 0/16 [00:00<?, ?it/s]
Clip mode:   6%|▋         | 1/16 [00:00<00:07,  1.90it/s]
Clip mode:  12%|█▎        | 2/16 [00:01<00:07,  1.99it/s]
Clip mode:  19%|█▉        | 3/16 [00:01<00:06,  2.01it/s]
Clip mode:  25%|██▌       | 4/16 [00:01<00:05,  2.02it/s]
Clip mode:  31%|███▏      | 5/16 [00:02<00:05,  2.03it/s]
Clip mode:  38%|███▊      | 6/16 [00:02<00:04,  2.03it/s]
Clip mode:  44%|████▍     | 7/16 [00:03<00:04,  2.04it/s]
Clip mode:  50%|█████     | 8/16 [00:03<00:03,  2.04it/s]
Clip mode:  56%|█████▋    | 9/16 [00:04<00:03,  2.04it/s]
Clip mode:  62%|██████▎   | 10/16 [00:04<00:02,  2.04it/s]
Clip mode:  69%|██████▉   | 11/16 [00:05<00:02,  2.04it/s]
Clip mode:  75%|███████▌  | 12/16 [00:05<00:01,  2.04it/s]
Clip mode:  81%|████████▏ | 13/16 [00:06<00:01,  2.04it/s]
Clip mode:  88%|████████▊ | 14/16 [00:06<00:00,  2.04it/s]
Clip mode:  94%|█████████▍| 15/16 [00:07<00:00,  2.04it/s]
Clip mode: 100%|██████████| 16/16 [00:07<00:00,  2.29it/s]
Clip mode: 100%|██████████| 16/16 [00:07<00:00,  2.08it/s]

Stream mode:   0%|          | 0/500 [00:00<?, ?it/s]
Stream mode:   1%|          | 4/500 [00:00<00:19, 25.38it/s]
Stream mode:   1%|▏         | 7/500 [00:00<00:32, 15.16it/s]
Stream mode:   2%|▏         | 9/500 [00:00<00:42, 11.58it/s]
Stream mode:   2%|▏         | 11/500 [00:00<00:53,  9.19it/s]
Stream mode:   3%|▎         | 13/500 [00:01<01:04,  7.55it/s]
Stream mode:   3%|▎         | 14/500 [00:01<01:10,  6.85it/s]
Stream mode:   3%|▎         | 15/500 [00:01<01:18,  6.19it/s]
Stream mode:   3%|▎         | 16/500 [00:02<01:26,  5.61it/s]
Stream mode:   3%|▎         | 17/500 [00:02<01:35,  5.05it/s]
Stream mode:   4%|▎         | 18/500 [00:02<01:44,  4.60it/s]
Stream mode:   4%|▍         | 19/500 [00:02<01:53,  4.24it/s]
Stream mode:   4%|▍         | 20/500 [00:03<02:02,  3.93it/s]
Stream mode:   4%|▍         | 21/500 [00:03<02:10,  3.68it/s]
Stream mode:   4%|▍         | 22/500 [00:03<02:17,  3.47it/s]
Stream mode:   5%|▍         | 23/500 [00:04<02:24,  3.29it/s]
Stream mode:   5%|▍         | 24/500 [00:04<02:32,  3.13it/s]
Stream mode:   5%|▌         | 25/500 [00:04<02:39,  2.98it/s]
Stream mode:   5%|▌         | 26/500 [00:05<02:45,  2.86it/s]
Stream mode:   5%|▌         | 27/500 [00:05<02:52,  2.74it/s]
Stream mode:   6%|▌         | 28/500 [00:06<02:59,  2.63it/s]
Stream mode:   6%|▌         | 29/500 [00:06<03:06,  2.53it/s]
Stream mode:   6%|▌         | 30/500 [00:06<03:12,  2.44it/s]
Stream mode:   6%|▌         | 31/500 [00:07<03:19,  2.35it/s]
Stream mode:   6%|▋         | 32/500 [00:07<03:25,  2.27it/s]
Stream mode:   7%|▋         | 33/500 [00:08<03:30,  2.22it/s]
Stream mode:   7%|▋         | 34/500 [00:08<03:33,  2.18it/s]
Stream mode:   7%|▋         | 35/500 [00:09<03:35,  2.15it/s]
Stream mode:   7%|▋         | 36/500 [00:09<03:37,  2.14it/s]
Stream mode:   7%|▋         | 37/500 [00:10<03:37,  2.12it/s]
Stream mode:   8%|▊         | 38/500 [00:10<03:38,  2.12it/s]
Stream mode:   8%|▊         | 39/500 [00:11<03:38,  2.11it/s]
Stream mode:   8%|▊         | 40/500 [00:11<03:38,  2.10it/s]
Stream mode:   8%|▊         | 41/500 [00:12<03:38,  2.10it/s]
Stream mode:   8%|▊         | 42/500 [00:12<03:38,  2.10it/s]
Stream mode:   9%|▊         | 43/500 [00:13<03:37,  2.10it/s]
Stream mode:   9%|▉         | 44/500 [00:13<03:37,  2.10it/s]
Stream mode:   9%|▉         | 45/500 [00:14<03:37,  2.10it/s]
Stream mode:   9%|▉         | 46/500 [00:14<03:36,  2.09it/s]
Stream mode:   9%|▉         | 47/500 [00:15<03:36,  2.10it/s]
Stream mode:  10%|▉         | 48/500 [00:15<03:35,  2.10it/s]
Stream mode:  10%|▉         | 49/500 [00:15<03:35,  2.10it/s]
Stream mode:  10%|█         | 50/500 [00:16<03:34,  2.09it/s]
Stream mode:  10%|█         | 51/500 [00:16<03:34,  2.09it/s]
Stream mode:  10%|█         | 52/500 [00:17<03:34,  2.09it/s]
Stream mode:  11%|█         | 53/500 [00:17<03:33,  2.09it/s]
Stream mode:  11%|█         | 54/500 [00:18<03:33,  2.09it/s]
Stream mode:  11%|█         | 55/500 [00:18<03:32,  2.09it/s]
Stream mode:  11%|█         | 56/500 [00:19<03:32,  2.09it/s]
Stream mode:  11%|█▏        | 57/500 [00:19<03:31,  2.09it/s]
Stream mode:  12%|█▏        | 58/500 [00:20<03:31,  2.09it/s]
Stream mode:  12%|█▏        | 59/500 [00:20<03:30,  2.09it/s]
Stream mode:  12%|█▏        | 60/500 [00:21<03:30,  2.09it/s]
Stream mode:  12%|█▏        | 61/500 [00:21<03:29,  2.09it/s]
Stream mode:  12%|█▏        | 62/500 [00:22<03:29,  2.09it/s]
Stream mode:  13%|█▎        | 63/500 [00:22<03:29,  2.09it/s]
Stream mode:  13%|█▎        | 64/500 [00:23<03:28,  2.09it/s]
Stream mode:  13%|█▎        | 65/500 [00:23<03:28,  2.09it/s]
Stream mode:  13%|█▎        | 66/500 [00:24<03:27,  2.09it/s]
Stream mode:  13%|█▎        | 67/500 [00:24<03:27,  2.09it/s]
Stream mode:  14%|█▎        | 68/500 [00:25<03:26,  2.09it/s]
Stream mode:  14%|█▍        | 69/500 [00:25<03:26,  2.09it/s]
Stream mode:  14%|█▍        | 70/500 [00:26<03:25,  2.09it/s]
Stream mode:  14%|█▍        | 71/500 [00:26<03:25,  2.09it/s]
Stream mode:  14%|█▍        | 72/500 [00:26<03:24,  2.09it/s]
Stream mode:  15%|█▍        | 73/500 [00:27<03:24,  2.09it/s]
Stream mode:  15%|█▍        | 74/500 [00:27<03:23,  2.09it/s]
Stream mode:  15%|█▌        | 75/500 [00:28<03:23,  2.09it/s]
Stream mode:  15%|█▌        | 76/500 [00:28<03:23,  2.09it/s]
Stream mode:  15%|█▌        | 77/500 [00:29<03:22,  2.09it/s]
Stream mode:  16%|█▌        | 78/500 [00:29<03:22,  2.09it/s]
Stream mode:  16%|█▌        | 79/500 [00:30<03:21,  2.09it/s]
Stream mode:  16%|█▌        | 80/500 [00:30<03:21,  2.09it/s]
Stream mode:  16%|█▌        | 81/500 [00:31<03:20,  2.09it/s]
Stream mode:  16%|█▋        | 82/500 [00:31<03:20,  2.09it/s]
Stream mode:  17%|█▋        | 83/500 [00:32<03:19,  2.09it/s]
Stream mode:  17%|█▋        | 84/500 [00:32<03:19,  2.09it/s]
Stream mode:  17%|█▋        | 85/500 [00:33<03:18,  2.09it/s]
Stream mode:  17%|█▋        | 86/500 [00:33<03:18,  2.09it/s]
Stream mode:  17%|█▋        | 87/500 [00:34<03:17,  2.09it/s]
Stream mode:  18%|█▊        | 88/500 [00:34<03:17,  2.09it/s]
Stream mode:  18%|█▊        | 89/500 [00:35<03:16,  2.09it/s]
Stream mode:  18%|█▊        | 90/500 [00:35<03:16,  2.09it/s]
Stream mode:  18%|█▊        | 91/500 [00:36<03:15,  2.09it/s]
Stream mode:  18%|█▊        | 92/500 [00:36<03:15,  2.09it/s]
Stream mode:  19%|█▊        | 93/500 [00:37<03:14,  2.09it/s]
Stream mode:  19%|█▉        | 94/500 [00:37<03:14,  2.09it/s]
Stream mode:  19%|█▉        | 95/500 [00:38<03:14,  2.09it/s]
Stream mode:  19%|█▉        | 96/500 [00:38<03:13,  2.08it/s]
Stream mode:  19%|█▉        | 97/500 [00:38<03:13,  2.09it/s]
Stream mode:  20%|█▉        | 98/500 [00:39<03:12,  2.09it/s]
Stream mode:  20%|█▉        | 99/500 [00:39<03:12,  2.08it/s]
Stream mode:  20%|██        | 100/500 [00:40<03:11,  2.08it/s]
Stream mode:  20%|██        | 101/500 [00:40<03:11,  2.08it/s]
Stream mode:  20%|██        | 102/500 [00:41<03:10,  2.08it/s]
Stream mode:  21%|██        | 103/500 [00:41<03:10,  2.08it/s]
Stream mode:  21%|██        | 104/500 [00:42<03:10,  2.08it/s]
Stream mode:  21%|██        | 105/500 [00:42<03:09,  2.08it/s]
Stream mode:  21%|██        | 106/500 [00:43<03:09,  2.08it/s]
Stream mode:  21%|██▏       | 107/500 [00:43<03:08,  2.08it/s]
Stream mode:  22%|██▏       | 108/500 [00:44<03:08,  2.08it/s]
Stream mode:  22%|██▏       | 109/500 [00:44<03:07,  2.08it/s]
Stream mode:  22%|██▏       | 110/500 [00:45<03:07,  2.08it/s]
Stream mode:  22%|██▏       | 111/500 [00:45<03:06,  2.08it/s]
Stream mode:  22%|██▏       | 112/500 [00:46<03:06,  2.08it/s]
Stream mode:  23%|██▎       | 113/500 [00:46<03:05,  2.08it/s]
Stream mode:  23%|██▎       | 114/500 [00:47<03:05,  2.08it/s]
Stream mode:  23%|██▎       | 115/500 [00:47<03:04,  2.08it/s]
Stream mode:  23%|██▎       | 116/500 [00:48<03:04,  2.08it/s]
Stream mode:  23%|██▎       | 117/500 [00:48<03:03,  2.08it/s]
Stream mode:  24%|██▎       | 118/500 [00:49<03:03,  2.08it/s]
Stream mode:  24%|██▍       | 119/500 [00:49<03:02,  2.08it/s]
Stream mode:  24%|██▍       | 120/500 [00:50<03:02,  2.08it/s]
Stream mode:  24%|██▍       | 121/500 [00:50<03:01,  2.08it/s]
Stream mode:  24%|██▍       | 122/500 [00:50<03:01,  2.08it/s]
Stream mode:  25%|██▍       | 123/500 [00:51<03:00,  2.08it/s]
Stream mode:  25%|██▍       | 124/500 [00:51<03:00,  2.08it/s]
Stream mode:  25%|██▌       | 125/500 [00:52<02:59,  2.08it/s]
Stream mode:  25%|██▌       | 126/500 [00:52<02:59,  2.08it/s]
Stream mode:  25%|██▌       | 127/500 [00:53<02:59,  2.08it/s]
Stream mode:  26%|██▌       | 128/500 [00:53<02:58,  2.08it/s]
Stream mode:  26%|██▌       | 129/500 [00:54<02:58,  2.08it/s]
Stream mode:  26%|██▌       | 130/500 [00:54<02:57,  2.08it/s]
Stream mode:  26%|██▌       | 131/500 [00:55<02:57,  2.08it/s]
Stream mode:  26%|██▋       | 132/500 [00:55<02:56,  2.08it/s]
Stream mode:  27%|██▋       | 133/500 [00:56<02:56,  2.08it/s]
Stream mode:  27%|██▋       | 134/500 [00:56<02:55,  2.08it/s]
Stream mode:  27%|██▋       | 135/500 [00:57<02:55,  2.08it/s]
Stream mode:  27%|██▋       | 136/500 [00:57<02:54,  2.08it/s]
Stream mode:  27%|██▋       | 137/500 [00:58<02:54,  2.08it/s]
Stream mode:  28%|██▊       | 138/500 [00:58<02:54,  2.08it/s]
Stream mode:  28%|██▊       | 139/500 [00:59<02:53,  2.08it/s]
Stream mode:  28%|██▊       | 140/500 [00:59<02:53,  2.08it/s]
Stream mode:  28%|██▊       | 141/500 [01:00<02:52,  2.08it/s]
Stream mode:  28%|██▊       | 142/500 [01:00<02:52,  2.08it/s]
Stream mode:  29%|██▊       | 143/500 [01:01<02:51,  2.08it/s]
Stream mode:  29%|██▉       | 144/500 [01:01<02:51,  2.08it/s]
Stream mode:  29%|██▉       | 145/500 [01:02<02:50,  2.08it/s]
Stream mode:  29%|██▉       | 146/500 [01:02<02:50,  2.08it/s]
Stream mode:  29%|██▉       | 147/500 [01:02<02:49,  2.08it/s]
Stream mode:  30%|██▉       | 148/500 [01:03<02:49,  2.08it/s]
Stream mode:  30%|██▉       | 149/500 [01:03<02:48,  2.08it/s]
Stream mode:  30%|███       | 150/500 [01:04<02:48,  2.08it/s]
Stream mode:  30%|███       | 151/500 [01:04<02:47,  2.08it/s]
Stream mode:  30%|███       | 152/500 [01:05<02:47,  2.08it/s]
Stream mode:  31%|███       | 153/500 [01:05<02:46,  2.08it/s]
Stream mode:  31%|███       | 154/500 [01:06<02:46,  2.08it/s]
Stream mode:  31%|███       | 155/500 [01:06<02:46,  2.08it/s]
Stream mode:  31%|███       | 156/500 [01:07<02:45,  2.08it/s]
Stream mode:  31%|███▏      | 157/500 [01:07<02:45,  2.08it/s]
Stream mode:  32%|███▏      | 158/500 [01:08<02:44,  2.08it/s]
Stream mode:  32%|███▏      | 159/500 [01:08<02:44,  2.08it/s]
Stream mode:  32%|███▏      | 160/500 [01:09<02:43,  2.08it/s]
Stream mode:  32%|███▏      | 161/500 [01:09<02:43,  2.08it/s]
Stream mode:  32%|███▏      | 162/500 [01:10<02:42,  2.08it/s]
Stream mode:  33%|███▎      | 163/500 [01:10<02:42,  2.08it/s]
Stream mode:  33%|███▎      | 164/500 [01:11<02:41,  2.08it/s]
Stream mode:  33%|███▎      | 165/500 [01:11<02:41,  2.08it/s]
Stream mode:  33%|███▎      | 166/500 [01:12<02:40,  2.08it/s]
Stream mode:  33%|███▎      | 167/500 [01:12<02:40,  2.08it/s]
Stream mode:  34%|███▎      | 168/500 [01:13<02:39,  2.08it/s]
Stream mode:  34%|███▍      | 169/500 [01:13<02:39,  2.08it/s]
Stream mode:  34%|███▍      | 170/500 [01:14<02:38,  2.08it/s]
Stream mode:  34%|███▍      | 171/500 [01:14<02:38,  2.08it/s]
Stream mode:  34%|███▍      | 172/500 [01:15<02:37,  2.08it/s]
Stream mode:  35%|███▍      | 173/500 [01:15<02:37,  2.08it/s]
Stream mode:  35%|███▍      | 174/500 [01:15<02:36,  2.08it/s]
Stream mode:  35%|███▌      | 175/500 [01:16<02:36,  2.08it/s]
Stream mode:  35%|███▌      | 176/500 [01:16<02:35,  2.08it/s]
Stream mode:  35%|███▌      | 177/500 [01:17<02:35,  2.08it/s]
Stream mode:  36%|███▌      | 178/500 [01:17<02:34,  2.08it/s]
Stream mode:  36%|███▌      | 179/500 [01:18<02:34,  2.08it/s]
Stream mode:  36%|███▌      | 180/500 [01:18<02:34,  2.07it/s]
Stream mode:  36%|███▌      | 181/500 [01:19<02:33,  2.07it/s]
Stream mode:  36%|███▋      | 182/500 [01:19<02:33,  2.07it/s]
Stream mode:  37%|███▋      | 183/500 [01:20<02:32,  2.08it/s]
Stream mode:  37%|███▋      | 184/500 [01:20<02:32,  2.07it/s]
Stream mode:  37%|███▋      | 185/500 [01:21<02:31,  2.07it/s]
Stream mode:  37%|███▋      | 186/500 [01:21<02:31,  2.07it/s]
Stream mode:  37%|███▋      | 187/500 [01:22<02:30,  2.07it/s]
Stream mode:  38%|███▊      | 188/500 [01:22<02:30,  2.07it/s]
Stream mode:  38%|███▊      | 189/500 [01:23<02:29,  2.07it/s]
Stream mode:  38%|███▊      | 190/500 [01:23<02:29,  2.08it/s]
Stream mode:  38%|███▊      | 191/500 [01:24<02:28,  2.08it/s]
Stream mode:  38%|███▊      | 192/500 [01:24<02:28,  2.07it/s]
Stream mode:  39%|███▊      | 193/500 [01:25<02:28,  2.07it/s]
Stream mode:  39%|███▉      | 194/500 [01:25<02:27,  2.07it/s]
Stream mode:  39%|███▉      | 195/500 [01:26<02:26,  2.08it/s]
Stream mode:  39%|███▉      | 196/500 [01:26<02:26,  2.07it/s]
Stream mode:  39%|███▉      | 197/500 [01:27<02:26,  2.07it/s]
Stream mode:  40%|███▉      | 198/500 [01:27<02:25,  2.07it/s]
Stream mode:  40%|███▉      | 199/500 [01:28<02:25,  2.07it/s]
Stream mode:  40%|████      | 200/500 [01:28<02:24,  2.07it/s]
Stream mode:  40%|████      | 201/500 [01:28<02:24,  2.07it/s]
Stream mode:  40%|████      | 202/500 [01:29<02:23,  2.07it/s]
Stream mode:  41%|████      | 203/500 [01:29<02:23,  2.08it/s]
Stream mode:  41%|████      | 204/500 [01:30<02:22,  2.07it/s]
Stream mode:  41%|████      | 205/500 [01:30<02:22,  2.07it/s]
Stream mode:  41%|████      | 206/500 [01:31<02:21,  2.07it/s]
Stream mode:  41%|████▏     | 207/500 [01:31<02:21,  2.07it/s]
Stream mode:  42%|████▏     | 208/500 [01:32<02:21,  2.07it/s]
Stream mode:  42%|████▏     | 209/500 [01:32<02:20,  2.07it/s]
Stream mode:  42%|████▏     | 210/500 [01:33<02:19,  2.07it/s]
Stream mode:  42%|████▏     | 211/500 [01:33<02:19,  2.07it/s]
Stream mode:  42%|████▏     | 212/500 [01:34<02:19,  2.07it/s]
Stream mode:  43%|████▎     | 213/500 [01:34<02:18,  2.07it/s]
Stream mode:  43%|████▎     | 214/500 [01:35<02:17,  2.07it/s]
Stream mode:  43%|████▎     | 215/500 [01:35<02:17,  2.07it/s]
Stream mode:  43%|████▎     | 216/500 [01:36<02:17,  2.07it/s]
Stream mode:  43%|████▎     | 217/500 [01:36<02:16,  2.07it/s]
Stream mode:  44%|████▎     | 218/500 [01:37<02:16,  2.07it/s]
Stream mode:  44%|████▍     | 219/500 [01:37<02:15,  2.07it/s]
Stream mode:  44%|████▍     | 220/500 [01:38<02:15,  2.07it/s]
Stream mode:  44%|████▍     | 221/500 [01:38<02:14,  2.07it/s]
Stream mode:  44%|████▍     | 222/500 [01:39<02:14,  2.07it/s]
Stream mode:  45%|████▍     | 223/500 [01:39<02:13,  2.07it/s]
Stream mode:  45%|████▍     | 224/500 [01:40<02:13,  2.07it/s]
Stream mode:  45%|████▌     | 225/500 [01:40<02:12,  2.07it/s]
Stream mode:  45%|████▌     | 226/500 [01:41<02:12,  2.07it/s]
Stream mode:  45%|████▌     | 227/500 [01:41<02:11,  2.07it/s]
Stream mode:  46%|████▌     | 228/500 [01:42<02:11,  2.07it/s]
Stream mode:  46%|████▌     | 229/500 [01:42<02:10,  2.07it/s]
Stream mode:  46%|████▌     | 230/500 [01:42<02:10,  2.07it/s]
Stream mode:  46%|████▌     | 231/500 [01:43<02:09,  2.07it/s]
Stream mode:  46%|████▋     | 232/500 [01:43<02:09,  2.07it/s]
Stream mode:  47%|████▋     | 233/500 [01:44<02:08,  2.07it/s]
Stream mode:  47%|████▋     | 234/500 [01:44<02:08,  2.07it/s]
Stream mode:  47%|████▋     | 235/500 [01:45<02:08,  2.07it/s]
Stream mode:  47%|████▋     | 236/500 [01:45<02:07,  2.07it/s]
Stream mode:  47%|████▋     | 237/500 [01:46<02:07,  2.07it/s]
Stream mode:  48%|████▊     | 238/500 [01:46<02:06,  2.07it/s]
Stream mode:  48%|████▊     | 239/500 [01:47<02:06,  2.07it/s]
Stream mode:  48%|████▊     | 240/500 [01:47<02:05,  2.07it/s]
Stream mode:  48%|████▊     | 241/500 [01:48<02:05,  2.07it/s]
Stream mode:  48%|████▊     | 242/500 [01:48<02:04,  2.07it/s]
Stream mode:  49%|████▊     | 243/500 [01:49<02:04,  2.07it/s]
Stream mode:  49%|████▉     | 244/500 [01:49<02:03,  2.07it/s]
Stream mode:  49%|████▉     | 245/500 [01:50<02:03,  2.07it/s]
Stream mode:  49%|████▉     | 246/500 [01:50<02:02,  2.07it/s]
Stream mode:  49%|████▉     | 247/500 [01:51<02:02,  2.07it/s]
Stream mode:  50%|████▉     | 248/500 [01:51<02:01,  2.07it/s]
Stream mode:  50%|████▉     | 249/500 [01:52<02:01,  2.07it/s]
Stream mode:  50%|█████     | 250/500 [01:52<02:00,  2.07it/s]
Stream mode:  50%|█████     | 251/500 [01:53<02:00,  2.07it/s]
Stream mode:  50%|█████     | 252/500 [01:53<01:59,  2.07it/s]
Stream mode:  51%|█████     | 253/500 [01:54<01:59,  2.07it/s]
Stream mode:  51%|█████     | 254/500 [01:54<01:58,  2.07it/s]
Stream mode:  51%|█████     | 255/500 [01:55<01:58,  2.07it/s]
Stream mode:  51%|█████     | 256/500 [01:55<01:57,  2.07it/s]
Stream mode:  51%|█████▏    | 257/500 [01:56<01:57,  2.07it/s]
Stream mode:  52%|█████▏    | 258/500 [01:56<01:56,  2.07it/s]
Stream mode:  52%|█████▏    | 259/500 [01:56<01:56,  2.07it/s]
Stream mode:  52%|█████▏    | 260/500 [01:57<01:55,  2.07it/s]
Stream mode:  52%|█████▏    | 261/500 [01:57<01:55,  2.07it/s]
Stream mode:  52%|█████▏    | 262/500 [01:58<01:54,  2.07it/s]
Stream mode:  53%|█████▎    | 263/500 [01:58<01:54,  2.07it/s]
Stream mode:  53%|█████▎    | 264/500 [01:59<01:53,  2.07it/s]
Stream mode:  53%|█████▎    | 265/500 [01:59<01:53,  2.07it/s]
Stream mode:  53%|█████▎    | 266/500 [02:00<01:52,  2.07it/s]
Stream mode:  53%|█████▎    | 267/500 [02:00<01:52,  2.07it/s]
Stream mode:  54%|█████▎    | 268/500 [02:01<01:52,  2.07it/s]
Stream mode:  54%|█████▍    | 269/500 [02:01<01:51,  2.07it/s]
Stream mode:  54%|█████▍    | 270/500 [02:02<01:50,  2.07it/s]
Stream mode:  54%|█████▍    | 271/500 [02:02<01:50,  2.07it/s]
Stream mode:  54%|█████▍    | 272/500 [02:03<01:50,  2.07it/s]
Stream mode:  55%|█████▍    | 273/500 [02:03<01:49,  2.07it/s]
Stream mode:  55%|█████▍    | 274/500 [02:04<01:49,  2.07it/s]
Stream mode:  55%|█████▌    | 275/500 [02:04<01:48,  2.07it/s]
Stream mode:  55%|█████▌    | 276/500 [02:05<01:48,  2.07it/s]
Stream mode:  55%|█████▌    | 277/500 [02:05<01:47,  2.07it/s]
Stream mode:  56%|█████▌    | 278/500 [02:06<01:47,  2.07it/s]
Stream mode:  56%|█████▌    | 279/500 [02:06<01:46,  2.07it/s]
Stream mode:  56%|█████▌    | 280/500 [02:07<01:46,  2.07it/s]
Stream mode:  56%|█████▌    | 281/500 [02:07<01:45,  2.07it/s]
Stream mode:  56%|█████▋    | 282/500 [02:08<01:45,  2.07it/s]
Stream mode:  57%|█████▋    | 283/500 [02:08<01:44,  2.07it/s]
Stream mode:  57%|█████▋    | 284/500 [02:09<01:44,  2.07it/s]
Stream mode:  57%|█████▋    | 285/500 [02:09<01:43,  2.07it/s]
Stream mode:  57%|█████▋    | 286/500 [02:10<01:43,  2.07it/s]
Stream mode:  57%|█████▋    | 287/500 [02:10<01:42,  2.07it/s]
Stream mode:  58%|█████▊    | 288/500 [02:10<01:42,  2.07it/s]
Stream mode:  58%|█████▊    | 289/500 [02:11<01:41,  2.07it/s]
Stream mode:  58%|█████▊    | 290/500 [02:11<01:41,  2.07it/s]
Stream mode:  58%|█████▊    | 291/500 [02:12<01:40,  2.07it/s]
Stream mode:  58%|█████▊    | 292/500 [02:12<01:40,  2.07it/s]
Stream mode:  59%|█████▊    | 293/500 [02:13<01:39,  2.07it/s]
Stream mode:  59%|█████▉    | 294/500 [02:13<01:39,  2.07it/s]
Stream mode:  59%|█████▉    | 295/500 [02:14<01:38,  2.07it/s]
Stream mode:  59%|█████▉    | 296/500 [02:14<01:38,  2.07it/s]
Stream mode:  59%|█████▉    | 297/500 [02:15<01:37,  2.07it/s]
Stream mode:  60%|█████▉    | 298/500 [02:15<01:37,  2.07it/s]
Stream mode:  60%|█████▉    | 299/500 [02:16<01:36,  2.07it/s]
Stream mode:  60%|██████    | 300/500 [02:16<01:36,  2.07it/s]
Stream mode:  60%|██████    | 301/500 [02:17<01:36,  2.07it/s]
Stream mode:  60%|██████    | 302/500 [02:17<01:35,  2.07it/s]
Stream mode:  61%|██████    | 303/500 [02:18<01:35,  2.07it/s]
Stream mode:  61%|██████    | 304/500 [02:18<01:34,  2.07it/s]
Stream mode:  61%|██████    | 305/500 [02:19<01:34,  2.07it/s]
Stream mode:  61%|██████    | 306/500 [02:19<01:33,  2.07it/s]
Stream mode:  61%|██████▏   | 307/500 [02:20<01:33,  2.07it/s]
Stream mode:  62%|██████▏   | 308/500 [02:20<01:32,  2.07it/s]
Stream mode:  62%|██████▏   | 309/500 [02:21<01:32,  2.07it/s]
Stream mode:  62%|██████▏   | 310/500 [02:21<01:31,  2.07it/s]
Stream mode:  62%|██████▏   | 311/500 [02:22<01:31,  2.07it/s]
Stream mode:  62%|██████▏   | 312/500 [02:22<01:30,  2.07it/s]
Stream mode:  63%|██████▎   | 313/500 [02:23<01:30,  2.07it/s]
Stream mode:  63%|██████▎   | 314/500 [02:23<01:29,  2.07it/s]
Stream mode:  63%|██████▎   | 315/500 [02:24<01:29,  2.07it/s]
Stream mode:  63%|██████▎   | 316/500 [02:24<01:28,  2.07it/s]
Stream mode:  63%|██████▎   | 317/500 [02:24<01:28,  2.07it/s]
Stream mode:  64%|██████▎   | 318/500 [02:25<01:27,  2.07it/s]
Stream mode:  64%|██████▍   | 319/500 [02:25<01:27,  2.07it/s]
Stream mode:  64%|██████▍   | 320/500 [02:26<01:26,  2.07it/s]
Stream mode:  64%|██████▍   | 321/500 [02:26<01:26,  2.07it/s]
Stream mode:  64%|██████▍   | 322/500 [02:27<01:26,  2.07it/s]
Stream mode:  65%|██████▍   | 323/500 [02:27<01:25,  2.07it/s]
Stream mode:  65%|██████▍   | 324/500 [02:28<01:24,  2.07it/s]
Stream mode:  65%|██████▌   | 325/500 [02:28<01:24,  2.07it/s]
Stream mode:  65%|██████▌   | 326/500 [02:29<01:24,  2.07it/s]
Stream mode:  65%|██████▌   | 327/500 [02:29<01:23,  2.07it/s]
Stream mode:  66%|██████▌   | 328/500 [02:30<01:23,  2.07it/s]
Stream mode:  66%|██████▌   | 329/500 [02:30<01:22,  2.07it/s]
Stream mode:  66%|██████▌   | 330/500 [02:31<01:22,  2.07it/s]
Stream mode:  66%|██████▌   | 331/500 [02:31<01:21,  2.07it/s]
Stream mode:  66%|██████▋   | 332/500 [02:32<01:21,  2.07it/s]
Stream mode:  67%|██████▋   | 333/500 [02:32<01:20,  2.07it/s]
Stream mode:  67%|██████▋   | 334/500 [02:33<01:20,  2.07it/s]
Stream mode:  67%|██████▋   | 335/500 [02:33<01:19,  2.07it/s]
Stream mode:  67%|██████▋   | 336/500 [02:34<01:19,  2.07it/s]
Stream mode:  67%|██████▋   | 337/500 [02:34<01:18,  2.07it/s]
Stream mode:  68%|██████▊   | 338/500 [02:35<01:18,  2.07it/s]
Stream mode:  68%|██████▊   | 339/500 [02:35<01:17,  2.07it/s]
Stream mode:  68%|██████▊   | 340/500 [02:36<01:17,  2.07it/s]
Stream mode:  68%|██████▊   | 341/500 [02:36<01:16,  2.07it/s]
Stream mode:  68%|██████▊   | 342/500 [02:37<01:16,  2.07it/s]
Stream mode:  69%|██████▊   | 343/500 [02:37<01:15,  2.07it/s]
Stream mode:  69%|██████▉   | 344/500 [02:38<01:15,  2.07it/s]
Stream mode:  69%|██████▉   | 345/500 [02:38<01:14,  2.07it/s]
Stream mode:  69%|██████▉   | 346/500 [02:38<01:14,  2.07it/s]
Stream mode:  69%|██████▉   | 347/500 [02:39<01:13,  2.07it/s]
Stream mode:  70%|██████▉   | 348/500 [02:39<01:13,  2.07it/s]
Stream mode:  70%|██████▉   | 349/500 [02:40<01:12,  2.07it/s]
Stream mode:  70%|███████   | 350/500 [02:40<01:12,  2.07it/s]
Stream mode:  70%|███████   | 351/500 [02:41<01:11,  2.07it/s]
Stream mode:  70%|███████   | 352/500 [02:41<01:11,  2.07it/s]
Stream mode:  71%|███████   | 353/500 [02:42<01:11,  2.07it/s]
Stream mode:  71%|███████   | 354/500 [02:42<01:10,  2.07it/s]
Stream mode:  71%|███████   | 355/500 [02:43<01:10,  2.07it/s]
Stream mode:  71%|███████   | 356/500 [02:43<01:09,  2.07it/s]
Stream mode:  71%|███████▏  | 357/500 [02:44<01:09,  2.07it/s]
Stream mode:  72%|███████▏  | 358/500 [02:44<01:08,  2.07it/s]
Stream mode:  72%|███████▏  | 359/500 [02:45<01:08,  2.07it/s]
Stream mode:  72%|███████▏  | 360/500 [02:45<01:07,  2.07it/s]
Stream mode:  72%|███████▏  | 361/500 [02:46<01:07,  2.07it/s]
Stream mode:  72%|███████▏  | 362/500 [02:46<01:06,  2.07it/s]
Stream mode:  73%|███████▎  | 363/500 [02:47<01:06,  2.07it/s]
Stream mode:  73%|███████▎  | 364/500 [02:47<01:05,  2.07it/s]
Stream mode:  73%|███████▎  | 365/500 [02:48<01:05,  2.07it/s]
Stream mode:  73%|███████▎  | 366/500 [02:48<01:04,  2.07it/s]
Stream mode:  73%|███████▎  | 367/500 [02:49<01:04,  2.07it/s]
Stream mode:  74%|███████▎  | 368/500 [02:49<01:03,  2.07it/s]
Stream mode:  74%|███████▍  | 369/500 [02:50<01:03,  2.07it/s]
Stream mode:  74%|███████▍  | 370/500 [02:50<01:02,  2.07it/s]
Stream mode:  74%|███████▍  | 371/500 [02:51<01:02,  2.07it/s]
Stream mode:  74%|███████▍  | 372/500 [02:51<01:01,  2.07it/s]
Stream mode:  75%|███████▍  | 373/500 [02:52<01:01,  2.08it/s]
Stream mode:  75%|███████▍  | 374/500 [02:52<01:00,  2.07it/s]
Stream mode:  75%|███████▌  | 375/500 [02:52<01:00,  2.07it/s]
Stream mode:  75%|███████▌  | 376/500 [02:53<00:59,  2.07it/s]
Stream mode:  75%|███████▌  | 377/500 [02:53<00:59,  2.07it/s]
Stream mode:  76%|███████▌  | 378/500 [02:54<00:58,  2.07it/s]
Stream mode:  76%|███████▌  | 379/500 [02:54<00:58,  2.07it/s]
Stream mode:  76%|███████▌  | 380/500 [02:55<00:57,  2.07it/s]
Stream mode:  76%|███████▌  | 381/500 [02:55<00:57,  2.07it/s]
Stream mode:  76%|███████▋  | 382/500 [02:56<00:56,  2.07it/s]
Stream mode:  77%|███████▋  | 383/500 [02:56<00:56,  2.07it/s]
Stream mode:  77%|███████▋  | 384/500 [02:57<00:55,  2.07it/s]
Stream mode:  77%|███████▋  | 385/500 [02:57<00:55,  2.07it/s]
Stream mode:  77%|███████▋  | 386/500 [02:58<00:54,  2.07it/s]
Stream mode:  77%|███████▋  | 387/500 [02:58<00:54,  2.07it/s]
Stream mode:  78%|███████▊  | 388/500 [02:59<00:53,  2.07it/s]
Stream mode:  78%|███████▊  | 389/500 [02:59<00:53,  2.08it/s]
Stream mode:  78%|███████▊  | 390/500 [03:00<00:53,  2.07it/s]
Stream mode:  78%|███████▊  | 391/500 [03:00<00:52,  2.07it/s]
Stream mode:  78%|███████▊  | 392/500 [03:01<00:52,  2.07it/s]
Stream mode:  79%|███████▊  | 393/500 [03:01<00:51,  2.07it/s]
Stream mode:  79%|███████▉  | 394/500 [03:02<00:51,  2.07it/s]
Stream mode:  79%|███████▉  | 395/500 [03:02<00:50,  2.07it/s]
Stream mode:  79%|███████▉  | 396/500 [03:03<00:50,  2.07it/s]
Stream mode:  79%|███████▉  | 397/500 [03:03<00:49,  2.07it/s]
Stream mode:  80%|███████▉  | 398/500 [03:04<00:49,  2.07it/s]
Stream mode:  80%|███████▉  | 399/500 [03:04<00:48,  2.07it/s]
Stream mode:  80%|████████  | 400/500 [03:05<00:48,  2.07it/s]
Stream mode:  80%|████████  | 401/500 [03:05<00:47,  2.08it/s]
Stream mode:  80%|████████  | 402/500 [03:05<00:47,  2.07it/s]
Stream mode:  81%|████████  | 403/500 [03:06<00:46,  2.07it/s]
Stream mode:  81%|████████  | 404/500 [03:06<00:46,  2.07it/s]
Stream mode:  81%|████████  | 405/500 [03:07<00:45,  2.07it/s]
Stream mode:  81%|████████  | 406/500 [03:07<00:45,  2.08it/s]
Stream mode:  81%|████████▏ | 407/500 [03:08<00:44,  2.08it/s]
Stream mode:  82%|████████▏ | 408/500 [03:08<00:44,  2.08it/s]
Stream mode:  82%|████████▏ | 409/500 [03:09<00:43,  2.08it/s]
Stream mode:  82%|████████▏ | 410/500 [03:09<00:43,  2.08it/s]
Stream mode:  82%|████████▏ | 411/500 [03:10<00:42,  2.08it/s]
Stream mode:  82%|████████▏ | 412/500 [03:10<00:42,  2.08it/s]
Stream mode:  83%|████████▎ | 413/500 [03:11<00:41,  2.08it/s]
Stream mode:  83%|████████▎ | 414/500 [03:11<00:41,  2.07it/s]
Stream mode:  83%|████████▎ | 415/500 [03:12<00:40,  2.07it/s]
Stream mode:  83%|████████▎ | 416/500 [03:12<00:40,  2.08it/s]
Stream mode:  83%|████████▎ | 417/500 [03:13<00:39,  2.08it/s]
Stream mode:  84%|████████▎ | 418/500 [03:13<00:39,  2.08it/s]
Stream mode:  84%|████████▍ | 419/500 [03:14<00:39,  2.07it/s]
Stream mode:  84%|████████▍ | 420/500 [03:14<00:38,  2.08it/s]
Stream mode:  84%|████████▍ | 421/500 [03:15<00:38,  2.08it/s]
Stream mode:  84%|████████▍ | 422/500 [03:15<00:37,  2.08it/s]
Stream mode:  85%|████████▍ | 423/500 [03:16<00:37,  2.08it/s]
Stream mode:  85%|████████▍ | 424/500 [03:16<00:36,  2.08it/s]
Stream mode:  85%|████████▌ | 425/500 [03:17<00:36,  2.08it/s]
Stream mode:  85%|████████▌ | 426/500 [03:17<00:35,  2.07it/s]
Stream mode:  85%|████████▌ | 427/500 [03:18<00:35,  2.08it/s]
Stream mode:  86%|████████▌ | 428/500 [03:18<00:34,  2.08it/s]
Stream mode:  86%|████████▌ | 429/500 [03:18<00:34,  2.07it/s]
Stream mode:  86%|████████▌ | 430/500 [03:19<00:33,  2.08it/s]
Stream mode:  86%|████████▌ | 431/500 [03:19<00:33,  2.08it/s]
Stream mode:  86%|████████▋ | 432/500 [03:20<00:32,  2.08it/s]
Stream mode:  87%|████████▋ | 433/500 [03:20<00:32,  2.08it/s]
Stream mode:  87%|████████▋ | 434/500 [03:21<00:31,  2.07it/s]
Stream mode:  87%|████████▋ | 435/500 [03:21<00:31,  2.08it/s]
Stream mode:  87%|████████▋ | 436/500 [03:22<00:30,  2.08it/s]
Stream mode:  87%|████████▋ | 437/500 [03:22<00:30,  2.08it/s]
Stream mode:  88%|████████▊ | 438/500 [03:23<00:29,  2.08it/s]
Stream mode:  88%|████████▊ | 439/500 [03:23<00:29,  2.08it/s]
Stream mode:  88%|████████▊ | 440/500 [03:24<00:28,  2.08it/s]
Stream mode:  88%|████████▊ | 441/500 [03:24<00:28,  2.08it/s]
Stream mode:  88%|████████▊ | 442/500 [03:25<00:27,  2.08it/s]
Stream mode:  89%|████████▊ | 443/500 [03:25<00:27,  2.08it/s]
Stream mode:  89%|████████▉ | 444/500 [03:26<00:26,  2.08it/s]
Stream mode:  89%|████████▉ | 445/500 [03:26<00:26,  2.08it/s]
Stream mode:  89%|████████▉ | 446/500 [03:27<00:26,  2.08it/s]
Stream mode:  89%|████████▉ | 447/500 [03:27<00:25,  2.08it/s]
Stream mode:  90%|████████▉ | 448/500 [03:28<00:25,  2.07it/s]
Stream mode:  90%|████████▉ | 449/500 [03:28<00:24,  2.07it/s]
Stream mode:  90%|█████████ | 450/500 [03:29<00:24,  2.08it/s]
Stream mode:  90%|█████████ | 451/500 [03:29<00:23,  2.08it/s]
Stream mode:  90%|█████████ | 452/500 [03:30<00:23,  2.08it/s]
Stream mode:  91%|█████████ | 453/500 [03:30<00:22,  2.08it/s]
Stream mode:  91%|█████████ | 454/500 [03:31<00:22,  2.08it/s]
Stream mode:  91%|█████████ | 455/500 [03:31<00:21,  2.08it/s]
Stream mode:  91%|█████████ | 456/500 [03:32<00:21,  2.08it/s]
Stream mode:  91%|█████████▏| 457/500 [03:32<00:20,  2.08it/s]
Stream mode:  92%|█████████▏| 458/500 [03:32<00:20,  2.08it/s]
Stream mode:  92%|█████████▏| 459/500 [03:33<00:19,  2.08it/s]
Stream mode:  92%|█████████▏| 460/500 [03:33<00:19,  2.08it/s]
Stream mode:  92%|█████████▏| 461/500 [03:34<00:18,  2.08it/s]
Stream mode:  92%|█████████▏| 462/500 [03:34<00:18,  2.08it/s]
Stream mode:  93%|█████████▎| 463/500 [03:35<00:17,  2.08it/s]
Stream mode:  93%|█████████▎| 464/500 [03:35<00:17,  2.08it/s]
Stream mode:  93%|█████████▎| 465/500 [03:36<00:16,  2.08it/s]
Stream mode:  93%|█████████▎| 466/500 [03:36<00:16,  2.08it/s]
Stream mode:  93%|█████████▎| 467/500 [03:37<00:15,  2.08it/s]
Stream mode:  94%|█████████▎| 468/500 [03:37<00:15,  2.08it/s]
Stream mode:  94%|█████████▍| 469/500 [03:38<00:14,  2.08it/s]
Stream mode:  94%|█████████▍| 470/500 [03:38<00:14,  2.08it/s]
Stream mode:  94%|█████████▍| 471/500 [03:39<00:13,  2.08it/s]
Stream mode:  94%|█████████▍| 472/500 [03:39<00:13,  2.08it/s]
Stream mode:  95%|█████████▍| 473/500 [03:40<00:13,  2.08it/s]
Stream mode:  95%|█████████▍| 474/500 [03:40<00:12,  2.08it/s]
Stream mode:  95%|█████████▌| 475/500 [03:41<00:12,  2.08it/s]
Stream mode:  95%|█████████▌| 476/500 [03:41<00:11,  2.08it/s]
Stream mode:  95%|█████████▌| 477/500 [03:42<00:11,  2.08it/s]
Stream mode:  96%|█████████▌| 478/500 [03:42<00:10,  2.08it/s]
Stream mode:  96%|█████████▌| 479/500 [03:43<00:10,  2.08it/s]
Stream mode:  96%|█████████▌| 480/500 [03:43<00:09,  2.08it/s]
Stream mode:  96%|█████████▌| 481/500 [03:44<00:09,  2.08it/s]
Stream mode:  96%|█████████▋| 482/500 [03:44<00:08,  2.08it/s]
Stream mode:  97%|█████████▋| 483/500 [03:44<00:08,  2.08it/s]
Stream mode:  97%|█████████▋| 484/500 [03:45<00:07,  2.08it/s]
Stream mode:  97%|█████████▋| 485/500 [03:45<00:07,  2.08it/s]
Stream mode:  97%|█████████▋| 486/500 [03:46<00:06,  2.08it/s]
Stream mode:  97%|█████████▋| 487/500 [03:46<00:06,  2.08it/s]
Stream mode:  98%|█████████▊| 488/500 [03:47<00:05,  2.08it/s]
Stream mode:  98%|█████████▊| 489/500 [03:47<00:05,  2.08it/s]
Stream mode:  98%|█████████▊| 490/500 [03:48<00:04,  2.08it/s]
Stream mode:  98%|█████████▊| 491/500 [03:48<00:04,  2.08it/s]
Stream mode:  98%|█████████▊| 492/500 [03:49<00:03,  2.08it/s]
Stream mode:  99%|█████████▊| 493/500 [03:49<00:03,  2.08it/s]
Stream mode:  99%|█████████▉| 494/500 [03:50<00:02,  2.08it/s]
Stream mode:  99%|█████████▉| 495/500 [03:50<00:02,  2.08it/s]
Stream mode:  99%|█████████▉| 496/500 [03:51<00:01,  2.08it/s]
Stream mode:  99%|█████████▉| 497/500 [03:51<00:01,  2.08it/s]
Stream mode: 100%|█████████▉| 498/500 [03:52<00:00,  2.08it/s]
Stream mode: 100%|█████████▉| 499/500 [03:52<00:00,  2.08it/s]
Stream mode: 100%|██████████| 500/500 [03:53<00:00,  2.08it/s]
Stream mode: 100%|██████████| 500/500 [03:53<00:00,  2.14it/s]

xFormers not available
============================================================
H1: Causal Attention Degeneracy Analysis
============================================================
Device: cuda
Checkpoint: checkpoints/video_depth_anything_vits.pth
Dataset: /home/work/juhwan/monocular_depth/stream/Video-Depth-Anything/datasets/scannet/scannet_video_500.json
Save dir: experiments/results/h1_attention_analysis

Loading model...
Model loaded!

Loading ScanNet data...

Loading Scene 0: scene0019_00, 500 frames...

============================================================
Scene 0: Analyzing 500 frames
============================================================
Running Clip mode (bidirectional)...
Running Stream mode (pseudo-streaming, causal)...
Computing performance metrics...
Clip δ1: 0.7277
Stream δ1: 0.7257
Gap: 0.0020 (0.28%)
Analyzing attention distributions...

Layer 0:
  Attn KL: 0.0008 ± 0.0003
  Entropy (clip): 3.0566
  Entropy (stream): 2.2855
  Entropy ratio: 0.7477
  Locality (clip): 5.35 frames
  Locality (stream): 4.39 frames
  Locality gap: 0.96 frames

Layer 1:
  Attn KL: 0.0055 ± 0.0037
  Entropy (clip): 2.7560
  Entropy (stream): 2.0669
  Entropy ratio: 0.7500
  Locality (clip): 6.99 frames
  Locality (stream): 4.91 frames
  Locality gap: 2.08 frames

Layer 2:
  Attn KL: 0.0011 ± 0.0004
  Entropy (clip): 3.3003
  Entropy (stream): 2.4387
  Entropy ratio: 0.7389
  Locality (clip): 7.93 frames
  Locality (stream): 6.01 frames
  Locality gap: 1.92 frames

Layer 3:
  Attn KL: 0.0021 ± 0.0015
  Entropy (clip): 3.1620
  Entropy (stream): 2.3342
  Entropy ratio: 0.7382
  Locality (clip): 6.31 frames
  Locality (stream): 4.90 frames
  Locality gap: 1.40 frames

Loading Scene 1: scene0019_01, 500 frames...

============================================================
Scene 1: Analyzing 500 frames
============================================================
Running Clip mode (bidirectional)...
Running Stream mode (pseudo-streaming, causal)...
Computing performance metrics...
Clip δ1: 0.6637
Stream δ1: 0.6492
Gap: 0.0145 (2.19%)
Analyzing attention distributions...

Layer 0:
  Attn KL: 0.0011 ± 0.0006
  Entropy (clip): 3.0320
  Entropy (stream): 2.2535
  Entropy ratio: 0.7433
  Locality (clip): 5.26 frames
  Locality (stream): 4.28 frames
  Locality gap: 0.99 frames

Layer 1:
  Attn KL: 0.0066 ± 0.0034
  Entropy (clip): 2.7608
  Entropy (stream): 2.0935
  Entropy ratio: 0.7583
  Locality (clip): 6.28 frames
  Locality (stream): 4.69 frames
  Locality gap: 1.59 frames

Layer 2:
  Attn KL: 0.0011 ± 0.0009
  Entropy (clip): 3.2775
  Entropy (stream): 2.4161
  Entropy ratio: 0.7372
  Locality (clip): 7.74 frames
  Locality (stream): 5.77 frames
  Locality gap: 1.97 frames

Layer 3:
  Attn KL: 0.0019 ± 0.0019
  Entropy (clip): 3.1264
  Entropy (stream): 2.3098
  Entropy ratio: 0.7388
  Locality (clip): 6.00 frames
  Locality (stream): 4.71 frames
  Locality gap: 1.29 frames

============================================================
Generating visualizations...

Visualizations saved to experiments/results/h1_attention_analysis

============================================================
SUMMARY
============================================================

Scene 0:
  Clip δ1: 0.7277
  Stream δ1: 0.7257
  Gap: 0.0020 (0.28%)
  Avg Attn KL: 0.0024
  Avg Entropy ratio: 0.7437
  Avg Locality gap: 1.59 frames

Scene 1:
  Clip δ1: 0.6637
  Stream δ1: 0.6492
  Gap: 0.0145 (2.19%)
  Avg Attn KL: 0.0026
  Avg Entropy ratio: 0.7444
  Avg Locality gap: 1.46 frames

Results saved to experiments/results/h1_attention_analysis
============================================================

